Archive member included to satisfy reference by file (symbol)

C:/ST/STM32CubeIDE_1.17.0/STM32CubeIDE/plugins/com.st.stm32cube.ide.mcu.externaltools.gnu-tools-for-stm32.12.3.rel1.win32_1.1.0.202410251130/tools/bin/../lib/gcc/arm-none-eabi/12.3.1/../../../../arm-none-eabi/lib/thumb/v7e-m+fp/hard\libc_nano.a(libc_a-exit.o)
                              C:/ST/STM32CubeIDE_1.17.0/STM32CubeIDE/plugins/com.st.stm32cube.ide.mcu.externaltools.gnu-tools-for-stm32.12.3.rel1.win32_1.1.0.202410251130/tools/bin/../lib/gcc/arm-none-eabi/12.3.1/../../../../arm-none-eabi/lib/thumb/v7e-m+fp/hard/crt0.o (exit)
C:/ST/STM32CubeIDE_1.17.0/STM32CubeIDE/plugins/com.st.stm32cube.ide.mcu.externaltools.gnu-tools-for-stm32.12.3.rel1.win32_1.1.0.202410251130/tools/bin/../lib/gcc/arm-none-eabi/12.3.1/../../../../arm-none-eabi/lib/thumb/v7e-m+fp/hard\libc_nano.a(libc_a-findfp.o)
                              C:/ST/STM32CubeIDE_1.17.0/STM32CubeIDE/plugins/com.st.stm32cube.ide.mcu.externaltools.gnu-tools-for-stm32.12.3.rel1.win32_1.1.0.202410251130/tools/bin/../lib/gcc/arm-none-eabi/12.3.1/../../../../arm-none-eabi/lib/thumb/v7e-m+fp/hard\libc_nano.a(libc_a-exit.o) (__stdio_exit_handler)
C:/ST/STM32CubeIDE_1.17.0/STM32CubeIDE/plugins/com.st.stm32cube.ide.mcu.externaltools.gnu-tools-for-stm32.12.3.rel1.win32_1.1.0.202410251130/tools/bin/../lib/gcc/arm-none-eabi/12.3.1/../../../../arm-none-eabi/lib/thumb/v7e-m+fp/hard\libc_nano.a(libc_a-fwalk.o)
                              C:/ST/STM32CubeIDE_1.17.0/STM32CubeIDE/plugins/com.st.stm32cube.ide.mcu.externaltools.gnu-tools-for-stm32.12.3.rel1.win32_1.1.0.202410251130/tools/bin/../lib/gcc/arm-none-eabi/12.3.1/../../../../arm-none-eabi/lib/thumb/v7e-m+fp/hard\libc_nano.a(libc_a-findfp.o) (_fwalk_sglue)
C:/ST/STM32CubeIDE_1.17.0/STM32CubeIDE/plugins/com.st.stm32cube.ide.mcu.externaltools.gnu-tools-for-stm32.12.3.rel1.win32_1.1.0.202410251130/tools/bin/../lib/gcc/arm-none-eabi/12.3.1/../../../../arm-none-eabi/lib/thumb/v7e-m+fp/hard\libc_nano.a(libc_a-stdio.o)
                              C:/ST/STM32CubeIDE_1.17.0/STM32CubeIDE/plugins/com.st.stm32cube.ide.mcu.externaltools.gnu-tools-for-stm32.12.3.rel1.win32_1.1.0.202410251130/tools/bin/../lib/gcc/arm-none-eabi/12.3.1/../../../../arm-none-eabi/lib/thumb/v7e-m+fp/hard\libc_nano.a(libc_a-findfp.o) (__sread)
C:/ST/STM32CubeIDE_1.17.0/STM32CubeIDE/plugins/com.st.stm32cube.ide.mcu.externaltools.gnu-tools-for-stm32.12.3.rel1.win32_1.1.0.202410251130/tools/bin/../lib/gcc/arm-none-eabi/12.3.1/../../../../arm-none-eabi/lib/thumb/v7e-m+fp/hard\libc_nano.a(libc_a-memcmp.o)
                              ./Core/Src/app/console.o (memcmp)
C:/ST/STM32CubeIDE_1.17.0/STM32CubeIDE/plugins/com.st.stm32cube.ide.mcu.externaltools.gnu-tools-for-stm32.12.3.rel1.win32_1.1.0.202410251130/tools/bin/../lib/gcc/arm-none-eabi/12.3.1/../../../../arm-none-eabi/lib/thumb/v7e-m+fp/hard\libc_nano.a(libc_a-memset.o)
                              C:/ST/STM32CubeIDE_1.17.0/STM32CubeIDE/plugins/com.st.stm32cube.ide.mcu.externaltools.gnu-tools-for-stm32.12.3.rel1.win32_1.1.0.202410251130/tools/bin/../lib/gcc/arm-none-eabi/12.3.1/../../../../arm-none-eabi/lib/thumb/v7e-m+fp/hard/crt0.o (memset)
C:/ST/STM32CubeIDE_1.17.0/STM32CubeIDE/plugins/com.st.stm32cube.ide.mcu.externaltools.gnu-tools-for-stm32.12.3.rel1.win32_1.1.0.202410251130/tools/bin/../lib/gcc/arm-none-eabi/12.3.1/../../../../arm-none-eabi/lib/thumb/v7e-m+fp/hard\libc_nano.a(libc_a-strchr.o)
                              ./Core/Src/app/console.o (strchr)
C:/ST/STM32CubeIDE_1.17.0/STM32CubeIDE/plugins/com.st.stm32cube.ide.mcu.externaltools.gnu-tools-for-stm32.12.3.rel1.win32_1.1.0.202410251130/tools/bin/../lib/gcc/arm-none-eabi/12.3.1/../../../../arm-none-eabi/lib/thumb/v7e-m+fp/hard\libc_nano.a(libc_a-closer.o)
                              C:/ST/STM32CubeIDE_1.17.0/STM32CubeIDE/plugins/com.st.stm32cube.ide.mcu.externaltools.gnu-tools-for-stm32.12.3.rel1.win32_1.1.0.202410251130/tools/bin/../lib/gcc/arm-none-eabi/12.3.1/../../../../arm-none-eabi/lib/thumb/v7e-m+fp/hard\libc_nano.a(libc_a-stdio.o) (_close_r)
C:/ST/STM32CubeIDE_1.17.0/STM32CubeIDE/plugins/com.st.stm32cube.ide.mcu.externaltools.gnu-tools-for-stm32.12.3.rel1.win32_1.1.0.202410251130/tools/bin/../lib/gcc/arm-none-eabi/12.3.1/../../../../arm-none-eabi/lib/thumb/v7e-m+fp/hard\libc_nano.a(libc_a-reent.o)
                              C:/ST/STM32CubeIDE_1.17.0/STM32CubeIDE/plugins/com.st.stm32cube.ide.mcu.externaltools.gnu-tools-for-stm32.12.3.rel1.win32_1.1.0.202410251130/tools/bin/../lib/gcc/arm-none-eabi/12.3.1/../../../../arm-none-eabi/lib/thumb/v7e-m+fp/hard\libc_nano.a(libc_a-closer.o) (errno)
C:/ST/STM32CubeIDE_1.17.0/STM32CubeIDE/plugins/com.st.stm32cube.ide.mcu.externaltools.gnu-tools-for-stm32.12.3.rel1.win32_1.1.0.202410251130/tools/bin/../lib/gcc/arm-none-eabi/12.3.1/../../../../arm-none-eabi/lib/thumb/v7e-m+fp/hard\libc_nano.a(libc_a-impure.o)
[...]
Memory Configuration

Name             Origin             Length             Attributes
RAM              0x20000000         0x00020000         xrw
FLASH            0x08000000         0x00080000         xr
*default*        0x00000000         0xffffffff

Linker script and memory map

LOAD C:/ST/STM32CubeIDE_1.17.0/STM32CubeIDE/plugins/com.st.stm32cube.ide.mcu.externaltools.gnu-tools-for-stm32.12.3.rel1.win32_1.1.0.202410251130/tools/bin/../lib/gcc/arm-none-eabi/12.3.1/thumb/v7e-m+fp/hard/crti.o
LOAD C:/ST/STM32CubeIDE_1.17.0/STM32CubeIDE/plugins/com.st.stm32cube.ide.mcu.externaltools.gnu-tools-for-stm32.12.3.rel1.win32_1.1.0.202410251130/tools/bin/../lib/gcc/arm-none-eabi/12.3.1/thumb/v7e-m+fp/hard/crtbegin.o
LOAD C:/ST/STM32CubeIDE_1.17.0/STM32CubeIDE/plugins/com.st.stm32cube.ide.mcu.externaltools.gnu-tools-for-stm32.12.3.rel1.win32_1.1.0.202410251130/tools/bin/../lib/gcc/arm-none-eabi/12.3.1/../../../../arm-none-eabi/lib/thumb/v7e-m+fp/hard/crt0.o
LOAD ./Core/Src/app/console.o
LOAD ./Core/Src/drv/usart_drv.o
LOAD ./Core/Src/event_wrap.o
LOAD ./Core/Src/freertos.o
LOAD ./Core/Src/main.o
LOAD ./Core/Src/stm32f4xx_hal_msp.o
LOAD ./Core/Src/stm32f4xx_it.o
LOAD ./Core/Src/syscalls.o
LOAD ./Core/Src/sysmem.o
LOAD ./Core/Src/system_stm32f4xx.o
LOAD ./Core/Src/peri/usart.o
LOAD ./Core/Startup/startup_stm32f446retx.o
LOAD ./Drivers/STM32F4xx_HAL_Driver/Src/stm32f4xx_hal.o
LOAD ./Drivers/STM32F4xx_HAL_Driver/Src/stm32f4xx_hal_cortex.o
LOAD ./Drivers/STM32F4xx_HAL_Driver/Src/stm32f4xx_hal_dma.o
LOAD ./Drivers/STM32F4xx_HAL_Driver/Src/stm32f4xx_hal_dma_ex.o
LOAD ./Drivers/STM32F4xx_HAL_Driver/Src/stm32f4xx_hal_exti.o
LOAD ./Drivers/STM32F4xx_HAL_Driver/Src/stm32f4xx_hal_flash.o
LOAD ./Drivers/STM32F4xx_HAL_Driver/Src/stm32f4xx_hal_flash_ex.o
LOAD ./Drivers/STM32F4xx_HAL_Driver/Src/stm32f4xx_hal_flash_ramfunc.o
LOAD ./Drivers/STM32F4xx_HAL_Driver/Src/stm32f4xx_hal_gpio.o
LOAD ./Drivers/STM32F4xx_HAL_Driver/Src/stm32f4xx_hal_pwr.o
LOAD ./Drivers/STM32F4xx_HAL_Driver/Src/stm32f4xx_hal_pwr_ex.o
LOAD ./Drivers/STM32F4xx_HAL_Driver/Src/stm32f4xx_hal_rcc.o
LOAD ./Drivers/STM32F4xx_HAL_Driver/Src/stm32f4xx_hal_rcc_ex.o
LOAD ./Drivers/STM32F4xx_HAL_Driver/Src/stm32f4xx_hal_spi.o
LOAD ./Drivers/STM32F4xx_HAL_Driver/Src/stm32f4xx_hal_uart.o
LOAD ./Middlewares/Third_Party/FreeRTOS/Source/CMSIS_RTOS/cmsis_os.o
LOAD ./Middlewares/Third_Party/FreeRTOS/Source/croutine.o
LOAD ./Middlewares/Third_Party/FreeRTOS/Source/event_groups.o
LOAD ./Middlewares/Third_Party/FreeRTOS/Source/list.o
LOAD ./Middlewares/Third_Party/FreeRTOS/Source/queue.o
LOAD ./Middlewares/Third_Party/FreeRTOS/Source/stream_buffer.o
LOAD ./Middlewares/Third_Party/FreeRTOS/Source/tasks.o
LOAD ./Middlewares/Third_Party/FreeRTOS/Source/timers.o
LOAD ./Middlewares/Third_Party/FreeRTOS/Source/portable/GCC/ARM_CM4F/port.o
LOAD ./Middlewares/Third_Party/FreeRTOS/Source/portable/MemMang/heap_4.o
START GROUP
LOAD C:/ST/STM32CubeIDE_1.17.0/STM32CubeIDE/plugins/com.st.stm32cube.ide.mcu.externaltools.gnu-tools-for-stm32.12.3.rel1.win32_1.1.0.202410251130/tools/bin/../lib/gcc/arm-none-eabi/12.3.1/../../../../arm-none-eabi/lib/thumb/v7e-m+fp/hard\libc_nano.a
LOAD C:/ST/STM32CubeIDE_1.17.0/STM32CubeIDE/plugins/com.st.stm32cube.ide.mcu.externaltools.gnu-tools-for-stm32.12.3.rel1.win32_1.1.0.202410251130/tools/bin/../lib/gcc/arm-none-eabi/12.3.1/../../../../arm-none-eabi/lib/thumb/v7e-m+fp/hard\libm.a
END GROUP
START GROUP
LOAD C:/ST/STM32CubeIDE_1.17.0/STM32CubeIDE/plugins/com.st.stm32cube.ide.mcu.externaltools.gnu-tools-for-stm32.12.3.rel1.win32_1.1.0.202410251130/tools/bin/../lib/gcc/arm-none-eabi/12.3.1/thumb/v7e-m+fp/hard\libgcc.a
LOAD C:/ST/STM32CubeIDE_1.17.0/STM32CubeIDE/plugins/com.st.stm32cube.ide.mcu.externaltools.gnu-tools-for-stm32.12.3.rel1.win32_1.1.0.202410251130/tools/bin/../lib/gcc/arm-none-eabi/12.3.1/../../../../arm-none-eabi/lib/thumb/v7e-m+fp/hard\libc_nano.a
END GROUP
START GROUP
LOAD C:/ST/STM32CubeIDE_1.17.0/STM32CubeIDE/plugins/com.st.stm32cube.ide.mcu.externaltools.gnu-tools-for-stm32.12.3.rel1.win32_1.1.0.202410251130/tools/bin/../lib/gcc/arm-none-eabi/12.3.1/thumb/v7e-m+fp/hard\libgcc.a
LOAD C:/ST/STM32CubeIDE_1.17.0/STM32CubeIDE/plugins/com.st.stm32cube.ide.mcu.externaltools.gnu-tools-for-stm32.12.3.rel1.win32_1.1.0.202410251130/tools/bin/../lib/gcc/arm-none-eabi/12.3.1/../../../../arm-none-eabi/lib/thumb/v7e-m+fp/hard\libc_nano.a
LOAD C:/ST/STM32CubeIDE_1.17.0/STM32CubeIDE/plugins/com.st.stm32cube.ide.mcu.externaltools.gnu-tools-for-stm32.12.3.rel1.win32_1.1.0.202410251130/tools/bin/../lib/gcc/arm-none-eabi/12.3.1/../../../../arm-none-eabi/lib/thumb/v7e-m+fp/hard\libnosys.a
END GROUP
START GROUP
LOAD C:/ST/STM32CubeIDE_1.17.0/STM32CubeIDE/plugins/com.st.stm32cube.ide.mcu.externaltools.gnu-tools-for-stm32.12.3.rel1.win32_1.1.0.202410251130/tools/bin/../lib/gcc/arm-none-eabi/12.3.1/thumb/v7e-m+fp/hard\libgcc.a
LOAD C:/ST/STM32CubeIDE_1.17.0/STM32CubeIDE/plugins/com.st.stm32cube.ide.mcu.externaltools.gnu-tools-for-stm32.12.3.rel1.win32_1.1.0.202410251130/tools/bin/../lib/gcc/arm-none-eabi/12.3.1/../../../../arm-none-eabi/lib/thumb/v7e-m+fp/hard\libc_nano.a
LOAD C:/ST/STM32CubeIDE_1.17.0/STM32CubeIDE/plugins/com.st.stm32cube.ide.mcu.externaltools.gnu-tools-for-stm32.12.3.rel1.win32_1.1.0.202410251130/tools/bin/../lib/gcc/arm-none-eabi/12.3.1/../../../../arm-none-eabi/lib/thumb/v7e-m+fp/hard\libnosys.a
END GROUP
LOAD C:/ST/STM32CubeIDE_1.17.0/STM32CubeIDE/plugins/com.st.stm32cube.ide.mcu.externaltools.gnu-tools-for-stm32.12.3.rel1.win32_1.1.0.202410251130/tools/bin/../lib/gcc/arm-none-eabi/12.3.1/thumb/v7e-m+fp/hard/crtend.o
LOAD C:/ST/STM32CubeIDE_1.17.0/STM32CubeIDE/plugins/com.st.stm32cube.ide.mcu.externaltools.gnu-tools-for-stm32.12.3.rel1.win32_1.1.0.202410251130/tools/bin/../lib/gcc/arm-none-eabi/12.3.1/thumb/v7e-m+fp/hard/crtn.o
                0x20020000                        _estack = (ORIGIN (RAM) + LENGTH (RAM))
                0x00000200                        _Min_Heap_Size = 0x200
                0x00000400                        _Min_Stack_Size = 0x400

.isr_vector     0x08000000      0x1c4
                0x08000000                        . = ALIGN (0x4)
 *(.isr_vector)
 .isr_vector    0x08000000      0x1c4 ./Core/Startup/startup_stm32f446retx.o
                0x08000000                g_pfnVectors
                0x080001c4                        . = ALIGN (0x4)

.text           0x080001d0     0x5f90
                0x080001d0                        . = ALIGN (0x4)
 *(.text)
 .text          0x080001d0       0x40 C:/ST/STM32CubeIDE_1.17.0/STM32CubeIDE/plugins/com.st.stm32cube.ide.mcu.externaltools.gnu-tools-for-stm32.12.3.rel1.win32_1.1.0.202410251130/tools/bin/../lib/gcc/arm-none-eabi/12.3.1/thumb/v7e-m+fp/hard/crtbegin.o
 .text          0x08000210       0x10 C:/ST/STM32CubeIDE_1.17.0/STM32CubeIDE/plugins/com.st.stm32cube.ide.mcu.externaltools.gnu-tools-for-stm32.12.3.rel1.win32_1.1.0.202410251130/tools/bin/../lib/gcc/arm-none-eabi/12.3.1/../../../../arm-none-eabi/lib/thumb/v7e-m+fp/hard\libc_nano.a(libc_a-strlen.o)
                0x08000210                strlen
 .text          0x08000220       0x30 C:/ST/STM32CubeIDE_1.17.0/STM32CubeIDE/plugins/com.st.stm32cube.ide.mcu.externaltools.gnu-tools-for-stm32.12.3.rel1.win32_1.1.0.202410251130/tools/bin/../lib/gcc/arm-none-eabi/12.3.1/thumb/v7e-m+fp/hard\libgcc.a(_aeabi_uldivmod.o)
                0x08000220                __aeabi_uldivmod
 .text          0x08000250      0x2bc C:/ST/STM32CubeIDE_1.17.0/STM32CubeIDE/plugins/com.st.stm32cube.ide.mcu.externaltools.gnu-tools-for-stm32.12.3.rel1.win32_1.1.0.202410251130/tools/bin/../lib/gcc/arm-none-eabi/12.3.1/thumb/v7e-m+fp/hard\libgcc.a(_udivmoddi4.o)
                0x08000250                __udivmoddi4
 .text          0x0800050c        0x4 C:/ST/STM32CubeIDE_1.17.0/STM32CubeIDE/plugins/com.st.stm32cube.ide.mcu.externaltools.gnu-tools-for-stm32.12.3.rel1.win32_1.1.0.202410251130/tools/bin/../lib/gcc/arm-none-eabi/12.3.1/thumb/v7e-m+fp/hard\libgcc.a(_dvmd_tls.o)
                0x0800050c                __aeabi_idiv0
                0x0800050c                __aeabi_ldiv0
 *(.text*)
 .text.find_str
                0x08000510       0x38 ./Core/Src/app/console.o
                0x08000510                find_str
 .text.ts_itoa  0x08000548       0x94 ./Core/Src/app/console.o
                0x08000548                ts_itoa
 .text.ts_formatlength
                0x080005dc      0x12c ./Core/Src/app/console.o
 .text.ts_formatstring
                0x08000708      0x1ac ./Core/Src/app/console.o
                0x08000708                ts_formatstring
 .text.console_recv
                0x080008b4       0x2a ./Core/Src/app/console.o
 *fill*         0x080008de        0x2 
 .text.console_analysis
                0x080008e0      0x1c4 ./Core/Src/app/console.o
 .text.StartConsoleSend
                0x08000aa4       0x74 ./Core/Src/app/console.o
                0x08000aa4                StartConsoleSend
 .text.StartConsoleRecv
                0x08000b18       0x54 ./Core/Src/app/console.o
                0x08000b18                StartConsoleRecv
 .text.console_init
                0x08000b6c       0xa4 ./Core/Src/app/console.o
                0x08000b6c                console_init
 .text.console_printf
                0x08000c10       0x74 ./Core/Src/app/console.o
                0x08000c10                console_printf
 .text.usart_recv_callback
                0x08000c84       0x2c ./Core/Src/drv/usart_drv.o
                0x08000c84                usart_recv_callback
 .text.usart_send_callback
                0x08000cb0       0x2c ./Core/Src/drv/usart_drv.o
                0x08000cb0                usart_send_callback
 .text.usart_err_callback
                0x08000cdc       0x1c ./Core/Src/drv/usart_drv.o
                0x08000cdc                usart_err_callback
 .text.usart_drv_init
                0x08000cf8       0x4c ./Core/Src/drv/usart_drv.o
                0x08000cf8                usart_drv_init
 .text.usart_drv_open
                0x08000d44       0x88 ./Core/Src/drv/usart_drv.o
                0x08000d44                usart_drv_open
 .text.usart_drv_send
                0x08000dcc       0xe0 ./Core/Src/drv/usart_drv.o
                0x08000dcc                usart_drv_send
 .text.usart_drv_recv
                0x08000eac       0xe0 ./Core/Src/drv/usart_drv.o
                0x08000eac                usart_drv_recv
 .text.vApplicationGetIdleTaskMemory
                0x08000f8c       0x34 ./Core/Src/freertos.o
                0x08000f8c                vApplicationGetIdleTaskMemory
 .text.main     0x08000fc0       0xdc ./Core/Src/main.o
                0x08000fc0                main
 .text.SystemClock_Config
                0x0800109c       0xe4 ./Core/Src/main.o
                0x0800109c                SystemClock_Config
 .text.MX_SPI1_Init
                0x08001180       0x6c ./Core/Src/main.o
 .text.MX_UART4_Init
                0x080011ec       0x54 ./Core/Src/main.o
 .text.MX_GPIO_Init
                0x08001240       0x34 ./Core/Src/main.o
 .text.StartDefaultTask
                0x08001274       0x10 ./Core/Src/main.o
                0x08001274                StartDefaultTask
 .text.StartCanTask
                0x08001284       0x10 ./Core/Src/main.o
                0x08001284                StartCanTask
 .text.StartAppTask
                0x08001294       0x10 ./Core/Src/main.o
                0x08001294                StartAppTask
 .text.Error_Handler
                0x080012a4        0xc ./Core/Src/main.o
                0x080012a4                Error_Handler
 .text.HAL_MspInit
                0x080012b0       0x58 ./Core/Src/stm32f4xx_hal_msp.o
                0x080012b0                HAL_MspInit
 .text.HAL_SPI_MspInit
                0x08001308       0xa0 ./Core/Src/stm32f4xx_hal_msp.o
                0x08001308                HAL_SPI_MspInit
 .text.HAL_UART_MspInit
                0x080013a8       0xa0 ./Core/Src/stm32f4xx_hal_msp.o
                0x080013a8                HAL_UART_MspInit
 .text.NMI_Handler
                0x08001448        0x8 ./Core/Src/stm32f4xx_it.o
                0x08001448                NMI_Handler
 .text.HardFault_Handler
                0x08001450        0x8 ./Core/Src/stm32f4xx_it.o
                0x08001450                HardFault_Handler
 .text.MemManage_Handler
                0x08001458        0x8 ./Core/Src/stm32f4xx_it.o
                0x08001458                MemManage_Handler
 .text.BusFault_Handler
                0x08001460        0x8 ./Core/Src/stm32f4xx_it.o
                0x08001460                BusFault_Handler
 .text.UsageFault_Handler
                0x08001468        0x8 ./Core/Src/stm32f4xx_it.o
                0x08001468                UsageFault_Handler
 .text.DebugMon_Handler
                0x08001470        0xe ./Core/Src/stm32f4xx_it.o
                0x08001470                DebugMon_Handler
 .text.SysTick_Handler
                0x0800147e       0x1a ./Core/Src/stm32f4xx_it.o
                0x0800147e                SysTick_Handler
 .text.SPI1_IRQHandler
                0x08001498       0x14 ./Core/Src/stm32f4xx_it.o
                0x08001498                SPI1_IRQHandler
 .text.SystemInit
                0x080014ac       0x24 ./Core/Src/system_stm32f4xx.o
                0x080014ac                SystemInit
 .text.usart_common_handler
                0x080014d0      0x148 ./Core/Src/peri/usart.o
                0x080014d0                usart_common_handler
 .text.UART4_IRQHandler
                0x08001618        0xe ./Core/Src/peri/usart.o
                0x08001618                UART4_IRQHandler
 *fill*         0x08001626        0x2 
 .text.usart_config
                0x08001628      0x10c ./Core/Src/peri/usart.o
                0x08001628                usart_config
 .text.usart_init
                0x08001734       0x48 ./Core/Src/peri/usart.o
                0x08001734                usart_init
 .text.usart_open
                0x0800177c       0x8c ./Core/Src/peri/usart.o
                0x0800177c                usart_open
 .text.usart_send
                0x08001808       0xd8 ./Core/Src/peri/usart.o
                0x08001808                usart_send
 .text.usart_recv
                0x080018e0       0xbc ./Core/Src/peri/usart.o
                0x080018e0                usart_recv
 .text.Reset_Handler
                0x0800199c       0x50 ./Core/Startup/startup_stm32f446retx.o
                0x0800199c                Reset_Handler
 .text.Default_Handler
                0x080019ec        0x2 ./Core/Startup/startup_stm32f446retx.o
                0x080019ec                RTC_Alarm_IRQHandler
                0x080019ec                EXTI2_IRQHandler
                0x080019ec                TIM8_CC_IRQHandler
                0x080019ec                FMPI2C1_EV_IRQHandler
                0x080019ec                SPI4_IRQHandler
                0x080019ec                TIM1_CC_IRQHandler
                0x080019ec                DMA2_Stream5_IRQHandler
                0x080019ec                DMA1_Stream5_IRQHandler
                0x080019ec                PVD_IRQHandler
                0x080019ec                SDIO_IRQHandler
                0x080019ec                TAMP_STAMP_IRQHandler
                0x080019ec                CAN2_RX1_IRQHandler
                0x080019ec                EXTI3_IRQHandler
                0x080019ec                TIM8_TRG_COM_TIM14_IRQHandler
                0x080019ec                TIM1_UP_TIM10_IRQHandler
                0x080019ec                TIM8_UP_TIM13_IRQHandler
                0x080019ec                I2C3_ER_IRQHandler
                0x080019ec                EXTI0_IRQHandler
                0x080019ec                I2C2_EV_IRQHandler
                0x080019ec                DMA1_Stream2_IRQHandler
                0x080019ec                CAN1_RX0_IRQHandler
                0x080019ec                FPU_IRQHandler
                0x080019ec                OTG_HS_WKUP_IRQHandler
                0x080019ec                CAN2_SCE_IRQHandler
                0x080019ec                DMA2_Stream2_IRQHandler
                0x080019ec                TIM6_DAC_IRQHandler
                0x080019ec                TIM1_BRK_TIM9_IRQHandler
                0x080019ec                DCMI_IRQHandler
                0x080019ec                CAN2_RX0_IRQHandler
                0x080019ec                DMA2_Stream3_IRQHandler
                0x080019ec                SAI2_IRQHandler
                0x080019ec                USART6_IRQHandler
                0x080019ec                USART3_IRQHandler
                0x080019ec                CAN1_RX1_IRQHandler
                0x080019ec                UART5_IRQHandler
                0x080019ec                DMA2_Stream0_IRQHandler
                0x080019ec                TIM4_IRQHandler
                0x080019ec                QUADSPI_IRQHandler
                0x080019ec                I2C1_EV_IRQHandler
                0x080019ec                DMA1_Stream6_IRQHandler
                0x080019ec                DMA1_Stream1_IRQHandler
                0x080019ec                TIM3_IRQHandler
                0x080019ec                RCC_IRQHandler
                0x080019ec                TIM8_BRK_TIM12_IRQHandler
                0x080019ec                Default_Handler
                0x080019ec                CEC_IRQHandler
                0x080019ec                EXTI15_10_IRQHandler
                0x080019ec                ADC_IRQHandler
                0x080019ec                DMA1_Stream7_IRQHandler
                0x080019ec                TIM7_IRQHandler
                0x080019ec                CAN2_TX_IRQHandler
                0x080019ec                TIM5_IRQHandler
                0x080019ec                DMA2_Stream7_IRQHandler
                0x080019ec                I2C3_EV_IRQHandler
                0x080019ec                EXTI9_5_IRQHandler
                0x080019ec                RTC_WKUP_IRQHandler
                0x080019ec                SPDIF_RX_IRQHandler
                0x080019ec                SPI2_IRQHandler
                0x080019ec                OTG_HS_EP1_IN_IRQHandler
                0x080019ec                DMA1_Stream0_IRQHandler
                0x080019ec                CAN1_TX_IRQHandler
                0x080019ec                FMPI2C1_ER_IRQHandler
                0x080019ec                EXTI4_IRQHandler
                0x080019ec                OTG_HS_EP1_OUT_IRQHandler
                0x080019ec                WWDG_IRQHandler
                0x080019ec                TIM2_IRQHandler
                0x080019ec                OTG_FS_WKUP_IRQHandler
                0x080019ec                TIM1_TRG_COM_TIM11_IRQHandler
                0x080019ec                OTG_HS_IRQHandler
                0x080019ec                EXTI1_IRQHandler
                0x080019ec                USART2_IRQHandler
                0x080019ec                I2C2_ER_IRQHandler
                0x080019ec                DMA2_Stream1_IRQHandler
                0x080019ec                CAN1_SCE_IRQHandler
                0x080019ec                FLASH_IRQHandler
                0x080019ec                DMA2_Stream4_IRQHandler
                0x080019ec                USART1_IRQHandler
                0x080019ec                OTG_FS_IRQHandler
                0x080019ec                SPI3_IRQHandler
                0x080019ec                DMA1_Stream4_IRQHandler
                0x080019ec                I2C1_ER_IRQHandler
                0x080019ec                FMC_IRQHandler
                0x080019ec                DMA2_Stream6_IRQHandler
                0x080019ec                SAI1_IRQHandler
                0x080019ec                DMA1_Stream3_IRQHandler
 *fill*         0x080019ee        0x2 
 .text.HAL_Init
                0x080019f0       0x44 ./Drivers/STM32F4xx_HAL_Driver/Src/stm32f4xx_hal.o
                0x080019f0                HAL_Init
 .text.HAL_InitTick
                0x08001a34       0x60 ./Drivers/STM32F4xx_HAL_Driver/Src/stm32f4xx_hal.o
                0x08001a34                HAL_InitTick
 .text.HAL_IncTick
                0x08001a94       0x28 ./Drivers/STM32F4xx_HAL_Driver/Src/stm32f4xx_hal.o
                0x08001a94                HAL_IncTick
 .text.HAL_GetTick
                0x08001abc       0x18 ./Drivers/STM32F4xx_HAL_Driver/Src/stm32f4xx_hal.o
                0x08001abc                HAL_GetTick
 .text.__NVIC_SetPriorityGrouping
                0x08001ad4       0x48 ./Drivers/STM32F4xx_HAL_Driver/Src/stm32f4xx_hal_cortex.o
 .text.__NVIC_GetPriorityGrouping
                0x08001b1c       0x1c ./Drivers/STM32F4xx_HAL_Driver/Src/stm32f4xx_hal_cortex.o
 .text.__NVIC_EnableIRQ
                0x08001b38       0x3c ./Drivers/STM32F4xx_HAL_Driver/Src/stm32f4xx_hal_cortex.o
 .text.__NVIC_SetPriority
                0x08001b74       0x54 ./Drivers/STM32F4xx_HAL_Driver/Src/stm32f4xx_hal_cortex.o
 .text.NVIC_EncodePriority
                0x08001bc8       0x66 ./Drivers/STM32F4xx_HAL_Driver/Src/stm32f4xx_hal_cortex.o
 *fill*         0x08001c2e        0x2 
 .text.SysTick_Config
                0x08001c30       0x44 ./Drivers/STM32F4xx_HAL_Driver/Src/stm32f4xx_hal_cortex.o
 .text.HAL_NVIC_SetPriorityGrouping
                0x08001c74       0x16 ./Drivers/STM32F4xx_HAL_Driver/Src/stm32f4xx_hal_cortex.o
                0x08001c74                HAL_NVIC_SetPriorityGrouping
 .text.HAL_NVIC_SetPriority
                0x08001c8a       0x38 ./Drivers/STM32F4xx_HAL_Driver/Src/stm32f4xx_hal_cortex.o
                0x08001c8a                HAL_NVIC_SetPriority
 .text.HAL_NVIC_EnableIRQ
                0x08001cc2       0x1c ./Drivers/STM32F4xx_HAL_Driver/Src/stm32f4xx_hal_cortex.o
                0x08001cc2                HAL_NVIC_EnableIRQ
 .text.HAL_SYSTICK_Config
                0x08001cde       0x18 ./Drivers/STM32F4xx_HAL_Driver/Src/stm32f4xx_hal_cortex.o
                0x08001cde                HAL_SYSTICK_Config
 .text.HAL_DMA_Abort_IT
                0x08001cf6       0x44 ./Drivers/STM32F4xx_HAL_Driver/Src/stm32f4xx_hal_dma.o
                0x08001cf6                HAL_DMA_Abort_IT
 *fill*         0x08001d3a        0x2 
 .text.HAL_GPIO_Init
                0x08001d3c      0x328 ./Drivers/STM32F4xx_HAL_Driver/Src/stm32f4xx_hal_gpio.o
                0x08001d3c                HAL_GPIO_Init
 .text.HAL_PWREx_EnableOverDrive
                0x08002064       0xa0 ./Drivers/STM32F4xx_HAL_Driver/Src/stm32f4xx_hal_pwr_ex.o
                0x08002064                HAL_PWREx_EnableOverDrive
 .text.HAL_RCC_ClockConfig
                0x08002104      0x1cc ./Drivers/STM32F4xx_HAL_Driver/Src/stm32f4xx_hal_rcc.o
                0x08002104                HAL_RCC_ClockConfig
 .text.HAL_RCC_GetHCLKFreq
                0x080022d0       0x18 ./Drivers/STM32F4xx_HAL_Driver/Src/stm32f4xx_hal_rcc.o
                0x080022d0                HAL_RCC_GetHCLKFreq
 .text.HAL_RCC_GetPCLK1Freq
                0x080022e8       0x28 ./Drivers/STM32F4xx_HAL_Driver/Src/stm32f4xx_hal_rcc.o
                0x080022e8                HAL_RCC_GetPCLK1Freq
 .text.HAL_RCC_GetPCLK2Freq
                0x08002310       0x28 ./Drivers/STM32F4xx_HAL_Driver/Src/stm32f4xx_hal_rcc.o
                0x08002310                HAL_RCC_GetPCLK2Freq
 .text.HAL_RCC_GetSysClockFreq
                0x08002338      0x354 ./Drivers/STM32F4xx_HAL_Driver/Src/stm32f4xx_hal_rcc_ex.o
                0x08002338                HAL_RCC_GetSysClockFreq
 .text.HAL_RCC_OscConfig
                0x0800268c      0x53c ./Drivers/STM32F4xx_HAL_Driver/Src/stm32f4xx_hal_rcc_ex.o
                0x0800268c                HAL_RCC_OscConfig
 .text.HAL_SPI_Init
                0x08002bc8      0x112 ./Drivers/STM32F4xx_HAL_Driver/Src/stm32f4xx_hal_spi.o
                0x08002bc8                HAL_SPI_Init
 *fill*         0x08002cda        0x2 
 .text.HAL_SPI_IRQHandler
                0x08002cdc      0x1e8 ./Drivers/STM32F4xx_HAL_Driver/Src/stm32f4xx_hal_spi.o
                0x08002cdc                HAL_SPI_IRQHandler
 .text.HAL_SPI_ErrorCallback
                0x08002ec4       0x14 ./Drivers/STM32F4xx_HAL_Driver/Src/stm32f4xx_hal_spi.o
                0x08002ec4                HAL_SPI_ErrorCallback
 .text.SPI_DMAAbortOnError
                0x08002ed8       0x28 ./Drivers/STM32F4xx_HAL_Driver/Src/stm32f4xx_hal_spi.o
 .text.HAL_UART_Init
                0x08002f00       0xa0 ./Drivers/STM32F4xx_HAL_Driver/Src/stm32f4xx_hal_uart.o
                0x08002f00                HAL_UART_Init
 .text.UART_SetConfig
                0x08002fa0      0x4e8 ./Drivers/STM32F4xx_HAL_Driver/Src/stm32f4xx_hal_uart.o
 .text.makeFreeRtosPriority
                0x08003488       0x30 ./Middlewares/Third_Party/FreeRTOS/Source/CMSIS_RTOS/cmsis_os.o
 .text.inHandlerMode
                0x080034b8       0x24 ./Middlewares/Third_Party/FreeRTOS/Source/CMSIS_RTOS/cmsis_os.o
 .text.osKernelStart
                0x080034dc        0xe ./Middlewares/Third_Party/FreeRTOS/Source/CMSIS_RTOS/cmsis_os.o
                0x080034dc                osKernelStart
 .text.osThreadCreate
                0x080034ea       0x98 ./Middlewares/Third_Party/FreeRTOS/Source/CMSIS_RTOS/cmsis_os.o
                0x080034ea                osThreadCreate
 .text.osThreadGetId
                0x08003582        0xe ./Middlewares/Third_Party/FreeRTOS/Source/CMSIS_RTOS/cmsis_os.o
                0x08003582                osThreadGetId
 .text.osDelay  0x08003590       0x28 ./Middlewares/Third_Party/FreeRTOS/Source/CMSIS_RTOS/cmsis_os.o
                0x08003590                osDelay
 .text.osSignalSet
                0x080035b8       0x80 ./Middlewares/Third_Party/FreeRTOS/Source/CMSIS_RTOS/cmsis_os.o
                0x080035b8                osSignalSet
 .text.osSignalWait
                0x08003638       0x98 ./Middlewares/Third_Party/FreeRTOS/Source/CMSIS_RTOS/cmsis_os.o
                0x08003638                osSignalWait
 .text.osPoolCreate
                0x080036d0       0xba ./Middlewares/Third_Party/FreeRTOS/Source/CMSIS_RTOS/cmsis_os.o
                0x080036d0                osPoolCreate
 .text.osPoolAlloc
                0x0800378a       0xc4 ./Middlewares/Third_Party/FreeRTOS/Source/CMSIS_RTOS/cmsis_os.o
                0x0800378a                osPoolAlloc
 .text.osPoolFree
                0x0800384e       0x82 ./Middlewares/Third_Party/FreeRTOS/Source/CMSIS_RTOS/cmsis_os.o
                0x0800384e                osPoolFree
 .text.osMailCreate
                0x080038d0       0xb0 ./Middlewares/Third_Party/FreeRTOS/Source/CMSIS_RTOS/cmsis_os.o
                0x080038d0                osMailCreate
 .text.osMailAlloc
                0x08003980       0x2a ./Middlewares/Third_Party/FreeRTOS/Source/CMSIS_RTOS/cmsis_os.o
                0x08003980                osMailAlloc
 *fill*         0x080039aa        0x2 
 .text.osMailPut
                0x080039ac       0x7c ./Middlewares/Third_Party/FreeRTOS/Source/CMSIS_RTOS/cmsis_os.o
                0x080039ac                osMailPut
 .text.osMailGet
                0x08003a28       0xe8 ./Middlewares/Third_Party/FreeRTOS/Source/CMSIS_RTOS/cmsis_os.o
                0x08003a28                osMailGet
 .text.osMailFree
                0x08003b10       0x2a ./Middlewares/Third_Party/FreeRTOS/Source/CMSIS_RTOS/cmsis_os.o
                0x08003b10                osMailFree
 .text.vListInitialise
                0x08003b3a       0x40 ./Middlewares/Third_Party/FreeRTOS/Source/list.o
                0x08003b3a                vListInitialise
 .text.vListInitialiseItem
                0x08003b7a       0x1a ./Middlewares/Third_Party/FreeRTOS/Source/list.o
                0x08003b7a                vListInitialiseItem
 .text.vListInsertEnd
                0x08003b94       0x48 ./Middlewares/Third_Party/FreeRTOS/Source/list.o
                0x08003b94                vListInsertEnd
 .text.vListInsert
                0x08003bdc       0x72 ./Middlewares/Third_Party/FreeRTOS/Source/list.o
                0x08003bdc                vListInsert
 .text.uxListRemove
                0x08003c4e       0x54 ./Middlewares/Third_Party/FreeRTOS/Source/list.o
                0x08003c4e                uxListRemove
 *fill*         0x08003ca2        0x2 
 .text.xQueueGenericReset
                0x08003ca4       0xd4 ./Middlewares/Third_Party/FreeRTOS/Source/queue.o
                0x08003ca4                xQueueGenericReset
 .text.xQueueGenericCreate
                0x08003d78       0x76 ./Middlewares/Third_Party/FreeRTOS/Source/queue.o
                0x08003d78                xQueueGenericCreate
 .text.prvInitialiseNewQueue
                0x08003dee       0x3e ./Middlewares/Third_Party/FreeRTOS/Source/queue.o
 .text.xQueueGenericSend
                0x08003e2c      0x204 ./Middlewares/Third_Party/FreeRTOS/Source/queue.o
                0x08003e2c                xQueueGenericSend
 .text.xQueueGenericSendFromISR
                0x08004030      0x13c ./Middlewares/Third_Party/FreeRTOS/Source/queue.o
                0x08004030                xQueueGenericSendFromISR
 .text.xQueueReceive
                0x0800416c      0x1c4 ./Middlewares/Third_Party/FreeRTOS/Source/queue.o
                0x0800416c                xQueueReceive
 .text.xQueueReceiveFromISR
                0x08004330      0x104 ./Middlewares/Third_Party/FreeRTOS/Source/queue.o
                0x08004330                xQueueReceiveFromISR
 .text.prvCopyDataToQueue
                0x08004434       0xd4 ./Middlewares/Third_Party/FreeRTOS/Source/queue.o
 .text.prvCopyDataFromQueue
                0x08004508       0x4c ./Middlewares/Third_Party/FreeRTOS/Source/queue.o
 .text.prvUnlockQueue
                0x08004554       0xa4 ./Middlewares/Third_Party/FreeRTOS/Source/queue.o
 .text.prvIsQueueEmpty
                0x080045f8       0x2c ./Middlewares/Third_Party/FreeRTOS/Source/queue.o
 .text.prvIsQueueFull
                0x08004624       0x30 ./Middlewares/Third_Party/FreeRTOS/Source/queue.o
 .text.xTaskCreateStatic
                0x08004654       0xc0 ./Middlewares/Third_Party/FreeRTOS/Source/tasks.o
                0x08004654                xTaskCreateStatic
 .text.xTaskCreate
                0x08004714       0x8a ./Middlewares/Third_Party/FreeRTOS/Source/tasks.o
                0x08004714                xTaskCreate
 .text.prvInitialiseNewTask
                0x0800479e      0x110 ./Middlewares/Third_Party/FreeRTOS/Source/tasks.o
 *fill*         0x080048ae        0x2 
 .text.prvAddNewTaskToReadyList
                0x080048b0       0xd4 ./Middlewares/Third_Party/FreeRTOS/Source/tasks.o
 .text.vTaskDelay
                0x08004984       0x6c ./Middlewares/Third_Party/FreeRTOS/Source/tasks.o
                0x08004984                vTaskDelay
 .text.vTaskStartScheduler
                0x080049f0       0xc4 ./Middlewares/Third_Party/FreeRTOS/Source/tasks.o
                0x080049f0                vTaskStartScheduler
 .text.vTaskSuspendAll
                0x08004ab4       0x1c ./Middlewares/Third_Party/FreeRTOS/Source/tasks.o
                0x08004ab4                vTaskSuspendAll
 .text.xTaskResumeAll
                0x08004ad0      0x13c ./Middlewares/Third_Party/FreeRTOS/Source/tasks.o
                0x08004ad0                xTaskResumeAll
 .text.xTaskIncrementTick
                0x08004c0c      0x174 ./Middlewares/Third_Party/FreeRTOS/Source/tasks.o
                0x08004c0c                xTaskIncrementTick
 .text.vTaskSwitchContext
                0x08004d80       0xb8 ./Middlewares/Third_Party/FreeRTOS/Source/tasks.o
                0x08004d80                vTaskSwitchContext
 .text.vTaskPlaceOnEventList
                0x08004e38       0x4c ./Middlewares/Third_Party/FreeRTOS/Source/tasks.o
                0x08004e38                vTaskPlaceOnEventList
 .text.xTaskRemoveFromEventList
                0x08004e84       0xc8 ./Middlewares/Third_Party/FreeRTOS/Source/tasks.o
                0x08004e84                xTaskRemoveFromEventList
 .text.vTaskInternalSetTimeOutState
                0x08004f4c       0x2c ./Middlewares/Third_Party/FreeRTOS/Source/tasks.o
                0x08004f4c                vTaskInternalSetTimeOutState
 .text.xTaskCheckForTimeOut
                0x08004f78       0xc8 ./Middlewares/Third_Party/FreeRTOS/Source/tasks.o
                0x08004f78                xTaskCheckForTimeOut
 .text.vTaskMissedYield
                0x08005040       0x18 ./Middlewares/Third_Party/FreeRTOS/Source/tasks.o
                0x08005040                vTaskMissedYield
 .text.prvIdleTask
                0x08005058       0x30 ./Middlewares/Third_Party/FreeRTOS/Source/tasks.o
 .text.prvInitialiseTaskLists
                0x08005088       0x80 ./Middlewares/Third_Party/FreeRTOS/Source/tasks.o
 .text.prvCheckTasksWaitingTermination
                0x08005108       0x5c ./Middlewares/Third_Party/FreeRTOS/Source/tasks.o
 .text.prvDeleteTCB
                0x08005164       0x60 ./Middlewares/Third_Party/FreeRTOS/Source/tasks.o
 .text.prvResetNextTaskUnblockTime
                0x080051c4       0x40 ./Middlewares/Third_Party/FreeRTOS/Source/tasks.o
 .text.xTaskGetCurrentTaskHandle
                0x08005204       0x20 ./Middlewares/Third_Party/FreeRTOS/Source/tasks.o
                0x08005204                xTaskGetCurrentTaskHandle
 .text.xTaskGetSchedulerState
                0x08005224       0x3c ./Middlewares/Third_Party/FreeRTOS/Source/tasks.o
                0x08005224                xTaskGetSchedulerState
 .text.xTaskPriorityDisinherit
                0x08005260      0x110 ./Middlewares/Third_Party/FreeRTOS/Source/tasks.o
                0x08005260                xTaskPriorityDisinherit
 .text.xTaskNotifyWait
                0x08005370       0xb4 ./Middlewares/Third_Party/FreeRTOS/Source/tasks.o
                0x08005370                xTaskNotifyWait
 .text.xTaskGenericNotify
                0x08005424      0x170 ./Middlewares/Third_Party/FreeRTOS/Source/tasks.o
                0x08005424                xTaskGenericNotify
 .text.xTaskGenericNotifyFromISR
                0x08005594      0x1bc ./Middlewares/Third_Party/FreeRTOS/Source/tasks.o
                0x08005594                xTaskGenericNotifyFromISR
 .text.prvAddCurrentTaskToDelayedList
                0x08005750       0xcc ./Middlewares/Third_Party/FreeRTOS/Source/tasks.o
 .text.pxPortInitialiseStack
                0x0800581c       0x68 ./Middlewares/Third_Party/FreeRTOS/Source/portable/GCC/ARM_CM4F/port.o
                0x0800581c                pxPortInitialiseStack
 .text.prvTaskExitError
                0x08005884       0x5c ./Middlewares/Third_Party/FreeRTOS/Source/portable/GCC/ARM_CM4F/port.o
 .text.SVC_Handler
                0x080058e0       0x28 ./Middlewares/Third_Party/FreeRTOS/Source/portable/GCC/ARM_CM4F/port.o
                0x080058e0                SVC_Handler
 .text.prvPortStartFirstTask
                0x08005908       0x28 ./Middlewares/Third_Party/FreeRTOS/Source/portable/GCC/ARM_CM4F/port.o
 .text.xPortStartScheduler
                0x08005930      0x148 ./Middlewares/Third_Party/FreeRTOS/Source/portable/GCC/ARM_CM4F/port.o
                0x08005930                xPortStartScheduler
 .text.vPortEnterCritical
                0x08005a78       0x64 ./Middlewares/Third_Party/FreeRTOS/Source/portable/GCC/ARM_CM4F/port.o
                0x08005a78                vPortEnterCritical
 .text.vPortExitCritical
                0x08005adc       0x54 ./Middlewares/Third_Party/FreeRTOS/Source/portable/GCC/ARM_CM4F/port.o
                0x08005adc                vPortExitCritical
 .text.PendSV_Handler
                0x08005b30       0x68 ./Middlewares/Third_Party/FreeRTOS/Source/portable/GCC/ARM_CM4F/port.o
                0x08005b30                PendSV_Handler
 .text.xPortSysTickHandler
                0x08005b98       0x44 ./Middlewares/Third_Party/FreeRTOS/Source/portable/GCC/ARM_CM4F/port.o
                0x08005b98                xPortSysTickHandler
 .text.vPortSetupTimerInterrupt
                0x08005bdc       0x48 ./Middlewares/Third_Party/FreeRTOS/Source/portable/GCC/ARM_CM4F/port.o
                0x08005bdc                vPortSetupTimerInterrupt
 .text.vPortEnableVFP
                0x08005c24       0x14 ./Middlewares/Third_Party/FreeRTOS/Source/portable/GCC/ARM_CM4F/port.o
 .text.vPortValidateInterruptPriority
                0x08005c38       0x84 ./Middlewares/Third_Party/FreeRTOS/Source/portable/GCC/ARM_CM4F/port.o
                0x08005c38                vPortValidateInterruptPriority
 .text.pvPortMalloc
                0x08005cbc      0x19c ./Middlewares/Third_Party/FreeRTOS/Source/portable/MemMang/heap_4.o
                0x08005cbc                pvPortMalloc
 .text.vPortFree
                0x08005e58       0xc8 ./Middlewares/Third_Party/FreeRTOS/Source/portable/MemMang/heap_4.o
                0x08005e58                vPortFree
 .text.prvHeapInit
                0x08005f20       0xc4 ./Middlewares/Third_Party/FreeRTOS/Source/portable/MemMang/heap_4.o
 .text.prvInsertBlockIntoFreeList
                0x08005fe4       0xb4 ./Middlewares/Third_Party/FreeRTOS/Source/portable/MemMang/heap_4.o
 .text.memcmp   0x08006098       0x20 C:/ST/STM32CubeIDE_1.17.0/STM32CubeIDE/plugins/com.st.stm32cube.ide.mcu.externaltools.gnu-tools-for-stm32.12.3.rel1.win32_1.1.0.202410251130/tools/bin/../lib/gcc/arm-none-eabi/12.3.1/../../../../arm-none-eabi/lib/thumb/v7e-m+fp/hard\libc_nano.a(libc_a-memcmp.o)
                0x08006098                memcmp
 .text.memset   0x080060b8       0x10 C:/ST/STM32CubeIDE_1.17.0/STM32CubeIDE/plugins/com.st.stm32cube.ide.mcu.externaltools.gnu-tools-for-stm32.12.3.rel1.win32_1.1.0.202410251130/tools/bin/../lib/gcc/arm-none-eabi/12.3.1/../../../../arm-none-eabi/lib/thumb/v7e-m+fp/hard\libc_nano.a(libc_a-memset.o)
                0x080060b8                memset
 .text.strchr   0x080060c8       0x1a C:/ST/STM32CubeIDE_1.17.0/STM32CubeIDE/plugins/com.st.stm32cube.ide.mcu.externaltools.gnu-tools-for-stm32.12.3.rel1.win32_1.1.0.202410251130/tools/bin/../lib/gcc/arm-none-eabi/12.3.1/../../../../arm-none-eabi/lib/thumb/v7e-m+fp/hard\libc_nano.a(libc_a-strchr.o)
                0x080060c8                strchr
 *fill*         0x080060e2        0x2 
 .text.__libc_init_array
                0x080060e4       0x48 C:/ST/STM32CubeIDE_1.17.0/STM32CubeIDE/plugins/com.st.stm32cube.ide.mcu.externaltools.gnu-tools-for-stm32.12.3.rel1.win32_1.1.0.202410251130/tools/bin/../lib/gcc/arm-none-eabi/12.3.1/../../../../arm-none-eabi/lib/thumb/v7e-m+fp/hard\libc_nano.a(libc_a-init.o)
                0x080060e4                __libc_init_array
 .text.memcpy   0x0800612c       0x1c C:/ST/STM32CubeIDE_1.17.0/STM32CubeIDE/plugins/com.st.stm32cube.ide.mcu.externaltools.gnu-tools-for-stm32.12.3.rel1.win32_1.1.0.202410251130/tools/bin/../lib/gcc/arm-none-eabi/12.3.1/../../../../arm-none-eabi/lib/thumb/v7e-m+fp/hard\libc_nano.a(libc_a-memcpy-stub.o)
                0x0800612c                memcpy
 *(.glue_7)
 .glue_7        0x08006148        0x0 linker stubs
 *(.glue_7t)
 .glue_7t       0x08006148        0x0 linker stubs
 *(.eh_frame)
 .eh_frame      0x08006148        0x0 C:/ST/STM32CubeIDE_1.17.0/STM32CubeIDE/plugins/com.st.stm32cube.ide.mcu.externaltools.gnu-tools-for-stm32.12.3.rel1.win32_1.1.0.202410251130/tools/bin/../lib/gcc/arm-none-eabi/12.3.1/thumb/v7e-m+fp/hard/crtbegin.o
 *(.init)
 .init          0x08006148        0x4 C:/ST/STM32CubeIDE_1.17.0/STM32CubeIDE/plugins/com.st.stm32cube.ide.mcu.externaltools.gnu-tools-for-stm32.12.3.rel1.win32_1.1.0.202410251130/tools/bin/../lib/gcc/arm-none-eabi/12.3.1/thumb/v7e-m+fp/hard/crti.o
                0x08006148                _init
 .init          0x0800614c        0x8 C:/ST/STM32CubeIDE_1.17.0/STM32CubeIDE/plugins/com.st.stm32cube.ide.mcu.externaltools.gnu-tools-for-stm32.12.3.rel1.win32_1.1.0.202410251130/tools/bin/../lib/gcc/arm-none-eabi/12.3.1/thumb/v7e-m+fp/hard/crtn.o
 *(.fini)
 .fini          0x08006154        0x4 C:/ST/STM32CubeIDE_1.17.0/STM32CubeIDE/plugins/com.st.stm32cube.ide.mcu.externaltools.gnu-tools-for-stm32.12.3.rel1.win32_1.1.0.202410251130/tools/bin/../lib/gcc/arm-none-eabi/12.3.1/thumb/v7e-m+fp/hard/crti.o
                0x08006154                _fini
 .fini          0x08006158        0x8 C:/ST/STM32CubeIDE_1.17.0/STM32CubeIDE/plugins/com.st.stm32cube.ide.mcu.externaltools.gnu-tools-for-stm32.12.3.rel1.win32_1.1.0.202410251130/tools/bin/../lib/gcc/arm-none-eabi/12.3.1/thumb/v7e-m+fp/hard/crtn.o
                0x08006160                        . = ALIGN (0x4)
                0x08006160                        _etext = .

.vfp11_veneer   0x08006160        0x0
 .vfp11_veneer  0x08006160        0x0 linker stubs

.v4_bx          0x08006160        0x0
 .v4_bx         0x08006160        0x0 linker stubs

.iplt           0x08006160        0x0
 .iplt          0x08006160        0x0 C:/ST/STM32CubeIDE_1.17.0/STM32CubeIDE/plugins/com.st.stm32cube.ide.mcu.externaltools.gnu-tools-for-stm32.12.3.rel1.win32_1.1.0.202410251130/tools/bin/../lib/gcc/arm-none-eabi/12.3.1/thumb/v7e-m+fp/hard/crtbegin.o

.rodata         0x08006160      0x134
                0x08006160                        . = ALIGN (0x4)
 *(.rodata)
 .rodata        0x08006160       0x64 ./Core/Src/app/console.o
 .rodata        0x080061c4       0x70 ./Core/Src/main.o
 .rodata        0x08006234        0x5 ./Middlewares/Third_Party/FreeRTOS/Source/tasks.o
 *(.rodata*)
 *fill*         0x08006239        0x3 
 .rodata.usart_info_tbl
                0x0800623c        0xc ./Core/Src/drv/usart_drv.o
 .rodata.init_func
                0x08006248        0x8 ./Core/Src/main.o
 .rodata.AHBPrescTable
                0x08006250       0x10 ./Core/Src/system_stm32f4xx.o
                0x08006250                AHBPrescTable
 .rodata.APBPrescTable
                0x08006260        0x8 ./Core/Src/system_stm32f4xx.o
                0x08006260                APBPrescTable
 .rodata.ch_info_tbl
                0x08006268       0x10 ./Core/Src/peri/usart.o
 .rodata.length_reg_config_tbl
                0x08006278        0x8 ./Core/Src/peri/usart.o
 .rodata.parity_reg_config_tbl
                0x08006280        0xc ./Core/Src/peri/usart.o
 .rodata.stopbit_reg_config_tbl
                0x0800628c        0x8 ./Core/Src/peri/usart.o
                0x08006294                        . = ALIGN (0x4)

.ARM.extab      0x08006294        0x0
                0x08006294                        . = ALIGN (0x4)
 *(.ARM.extab* .gnu.linkonce.armextab.*)
                0x08006294                        . = ALIGN (0x4)

.ARM            0x08006294        0x8
                0x08006294                        . = ALIGN (0x4)
                0x08006294                        __exidx_start = .
 *(.ARM.exidx*)
 .ARM.exidx     0x08006294        0x8 C:/ST/STM32CubeIDE_1.17.0/STM32CubeIDE/plugins/com.st.stm32cube.ide.mcu.externaltools.gnu-tools-for-stm32.12.3.rel1.win32_1.1.0.202410251130/tools/bin/../lib/gcc/arm-none-eabi/12.3.1/../../../../arm-none-eabi/lib/thumb/v7e-m+fp/hard\libc_nano.a(libc_a-strlen.o)
 .ARM.exidx     0x0800629c        0x0 C:/ST/STM32CubeIDE_1.17.0/STM32CubeIDE/plugins/com.st.stm32cube.ide.mcu.externaltools.gnu-tools-for-stm32.12.3.rel1.win32_1.1.0.202410251130/tools/bin/../lib/gcc/arm-none-eabi/12.3.1/thumb/v7e-m+fp/hard\libgcc.a(_udivmoddi4.o)
                                  0x8 (size before relaxing)
                0x0800629c                        __exidx_end = .
                0x0800629c                        . = ALIGN (0x4)

.preinit_array  0x0800629c        0x0
                0x0800629c                        . = ALIGN (0x4)
                0x0800629c                        PROVIDE (__preinit_array_start = .)
 *(.preinit_array*)
                0x0800629c                        PROVIDE (__preinit_array_end = .)
                0x0800629c                        . = ALIGN (0x4)

.init_array     0x0800629c        0x4
                0x0800629c                        . = ALIGN (0x4)
                0x0800629c                        PROVIDE (__init_array_start = .)
 *(SORT_BY_NAME(.init_array.*))
 *(.init_array*)
 .init_array    0x0800629c        0x4 C:/ST/STM32CubeIDE_1.17.0/STM32CubeIDE/plugins/com.st.stm32cube.ide.mcu.externaltools.gnu-tools-for-stm32.12.3.rel1.win32_1.1.0.202410251130/tools/bin/../lib/gcc/arm-none-eabi/12.3.1/thumb/v7e-m+fp/hard/crtbegin.o
                0x080062a0                        PROVIDE (__init_array_end = .)
                0x080062a0                        . = ALIGN (0x4)

.fini_array     0x080062a0        0x4
                0x080062a0                        . = ALIGN (0x4)
                [!provide]                        PROVIDE (__fini_array_start = .)
 *(SORT_BY_NAME(.fini_array.*))
 *(.fini_array*)
 .fini_array    0x080062a0        0x4 C:/ST/STM32CubeIDE_1.17.0/STM32CubeIDE/plugins/com.st.stm32cube.ide.mcu.externaltools.gnu-tools-for-stm32.12.3.rel1.win32_1.1.0.202410251130/tools/bin/../lib/gcc/arm-none-eabi/12.3.1/thumb/v7e-m+fp/hard/crtbegin.o
                [!provide]                        PROVIDE (__fini_array_end = .)
                0x080062a4                        . = ALIGN (0x4)
                0x080062a4                        _sidata = LOADADDR (.data)

.rel.dyn        0x080062a4        0x0
 .rel.iplt      0x080062a4        0x0 C:/ST/STM32CubeIDE_1.17.0/STM32CubeIDE/plugins/com.st.stm32cube.ide.mcu.externaltools.gnu-tools-for-stm32.12.3.rel1.win32_1.1.0.202410251130/tools/bin/../lib/gcc/arm-none-eabi/12.3.1/thumb/v7e-m+fp/hard/crtbegin.o

.data           0x20000000       0x10 load address 0x080062a4
                0x20000000                        . = ALIGN (0x4)
                0x20000000                        _sdata = .
 *(.data)
 *(.data*)
 .data.SystemCoreClock
                0x20000000        0x4 ./Core/Src/system_stm32f4xx.o
                0x20000000                SystemCoreClock
 .data.uwTickPrio
                0x20000004        0x4 ./Drivers/STM32F4xx_HAL_Driver/Src/stm32f4xx_hal.o
                0x20000004                uwTickPrio
 .data.uwTickFreq
                0x20000008        0x1 ./Drivers/STM32F4xx_HAL_Driver/Src/stm32f4xx_hal.o
                0x20000008                uwTickFreq
 *fill*         0x20000009        0x3 
 .data.uxCriticalNesting
                0x2000000c        0x4 ./Middlewares/Third_Party/FreeRTOS/Source/portable/GCC/ARM_CM4F/port.o
 *(.RamFunc)
 *(.RamFunc*)
                0x20000010                        . = ALIGN (0x4)
                0x20000010                        _edata = .

.igot.plt       0x20000010        0x0 load address 0x080062b4
 .igot.plt      0x20000010        0x0 C:/ST/STM32CubeIDE_1.17.0/STM32CubeIDE/plugins/com.st.stm32cube.ide.mcu.externaltools.gnu-tools-for-stm32.12.3.rel1.win32_1.1.0.202410251130/tools/bin/../lib/gcc/arm-none-eabi/12.3.1/thumb/v7e-m+fp/hard/crtbegin.o
                0x20000010                        . = ALIGN (0x4)

.bss            0x20000010     0x4548 load address 0x080062b4
                0x20000010                        _sbss = .
                0x20000010                        __bss_start__ = _sbss
 *(.bss)
 .bss           0x20000010       0x1c C:/ST/STM32CubeIDE_1.17.0/STM32CubeIDE/plugins/com.st.stm32cube.ide.mcu.externaltools.gnu-tools-for-stm32.12.3.rel1.win32_1.1.0.202410251130/tools/bin/../lib/gcc/arm-none-eabi/12.3.1/thumb/v7e-m+fp/hard/crtbegin.o
 *(.bss*)
 .bss.console_cb
                0x2000002c       0xa4 ./Core/Src/app/console.o
 .bss.usart_drv_cb
                0x200000d0        0xc ./Core/Src/drv/usart_drv.o
 .bss.xIdleTaskTCBBuffer
                0x200000dc       0x54 ./Core/Src/freertos.o
 .bss.xIdleStack
                0x20000130      0x200 ./Core/Src/freertos.o
 .bss.hspi1     0x20000330       0x58 ./Core/Src/main.o
                0x20000330                hspi1
 .bss.huart4    0x20000388       0x48 ./Core/Src/main.o
                0x20000388                huart4
 .bss.defaultTaskHandle
                0x200003d0        0x4 ./Core/Src/main.o
                0x200003d0                defaultTaskHandle
 .bss.CanTaskHandle
                0x200003d4        0x4 ./Core/Src/main.o
                0x200003d4                CanTaskHandle
 .bss.AppTaskHandle
                0x200003d8        0x4 ./Core/Src/main.o
                0x200003d8                AppTaskHandle
 .bss.usart_cb  0x200003dc      0x424 ./Core/Src/peri/usart.o
 .bss.uwTick    0x20000800        0x4 ./Drivers/STM32F4xx_HAL_Driver/Src/stm32f4xx_hal.o
                0x20000800                uwTick
 .bss.pxCurrentTCB
                0x20000804        0x4 ./Middlewares/Third_Party/FreeRTOS/Source/tasks.o
                0x20000804                pxCurrentTCB
 .bss.pxReadyTasksLists
                0x20000808       0x8c ./Middlewares/Third_Party/FreeRTOS/Source/tasks.o
 .bss.xDelayedTaskList1
                0x20000894       0x14 ./Middlewares/Third_Party/FreeRTOS/Source/tasks.o
 .bss.xDelayedTaskList2
                0x200008a8       0x14 ./Middlewares/Third_Party/FreeRTOS/Source/tasks.o
 .bss.pxDelayedTaskList
                0x200008bc        0x4 ./Middlewares/Third_Party/FreeRTOS/Source/tasks.o
 .bss.pxOverflowDelayedTaskList
                0x200008c0        0x4 ./Middlewares/Third_Party/FreeRTOS/Source/tasks.o
 .bss.xPendingReadyList
                0x200008c4       0x14 ./Middlewares/Third_Party/FreeRTOS/Source/tasks.o
 .bss.xTasksWaitingTermination
                0x200008d8       0x14 ./Middlewares/Third_Party/FreeRTOS/Source/tasks.o
 .bss.uxDeletedTasksWaitingCleanUp
                0x200008ec        0x4 ./Middlewares/Third_Party/FreeRTOS/Source/tasks.o
 .bss.xSuspendedTaskList
                0x200008f0       0x14 ./Middlewares/Third_Party/FreeRTOS/Source/tasks.o
 .bss.uxCurrentNumberOfTasks
                0x20000904        0x4 ./Middlewares/Third_Party/FreeRTOS/Source/tasks.o
 .bss.xTickCount
                0x20000908        0x4 ./Middlewares/Third_Party/FreeRTOS/Source/tasks.o
 .bss.uxTopReadyPriority
                0x2000090c        0x4 ./Middlewares/Third_Party/FreeRTOS/Source/tasks.o
 .bss.xSchedulerRunning
                0x20000910        0x4 ./Middlewares/Third_Party/FreeRTOS/Source/tasks.o
 .bss.xPendedTicks
                0x20000914        0x4 ./Middlewares/Third_Party/FreeRTOS/Source/tasks.o
 .bss.xYieldPending
                0x20000918        0x4 ./Middlewares/Third_Party/FreeRTOS/Source/tasks.o
 .bss.xNumOfOverflows
                0x2000091c        0x4 ./Middlewares/Third_Party/FreeRTOS/Source/tasks.o
 .bss.uxTaskNumber
                0x20000920        0x4 ./Middlewares/Third_Party/FreeRTOS/Source/tasks.o
 .bss.xNextTaskUnblockTime
                0x20000924        0x4 ./Middlewares/Third_Party/FreeRTOS/Source/tasks.o
 .bss.xIdleTaskHandle
                0x20000928        0x4 ./Middlewares/Third_Party/FreeRTOS/Source/tasks.o
 .bss.uxSchedulerSuspended
                0x2000092c        0x4 ./Middlewares/Third_Party/FreeRTOS/Source/tasks.o
 .bss.ucMaxSysCallPriority
                0x20000930        0x1 ./Middlewares/Third_Party/FreeRTOS/Source/portable/GCC/ARM_CM4F/port.o
 *fill*         0x20000931        0x3 
 .bss.ulMaxPRIGROUPValue
                0x20000934        0x4 ./Middlewares/Third_Party/FreeRTOS/Source/portable/GCC/ARM_CM4F/port.o
 .bss.ucHeap    0x20000938     0x3c00 ./Middlewares/Third_Party/FreeRTOS/Source/portable/MemMang/heap_4.o
 .bss.xStart    0x20004538        0x8 ./Middlewares/Third_Party/FreeRTOS/Source/portable/MemMang/heap_4.o
 .bss.pxEnd     0x20004540        0x4 ./Middlewares/Third_Party/FreeRTOS/Source/portable/MemMang/heap_4.o
 .bss.xFreeBytesRemaining
                0x20004544        0x4 ./Middlewares/Third_Party/FreeRTOS/Source/portable/MemMang/heap_4.o
 .bss.xMinimumEverFreeBytesRemaining
                0x20004548        0x4 ./Middlewares/Third_Party/FreeRTOS/Source/portable/MemMang/heap_4.o
 .bss.xNumberOfSuccessfulAllocations
                0x2000454c        0x4 ./Middlewares/Third_Party/FreeRTOS/Source/portable/MemMang/heap_4.o
 .bss.xNumberOfSuccessfulFrees
                0x20004550        0x4 ./Middlewares/Third_Party/FreeRTOS/Source/portable/MemMang/heap_4.o
 .bss.xBlockAllocatedBit
                0x20004554        0x4 ./Middlewares/Third_Party/FreeRTOS/Source/portable/MemMang/heap_4.o
 *(COMMON)
                0x20004558                        . = ALIGN (0x4)
                0x20004558                        _ebss = .
                0x20004558                        __bss_end__ = _ebss

._user_heap_stack
                0x20004558      0x600 load address 0x080062b4
                0x20004558                        . = ALIGN (0x8)
                [!provide]                        PROVIDE (end = .)
                0x20004558                        PROVIDE (_end = .)
                0x20004758                        . = (. + _Min_Heap_Size)
 *fill*         0x20004558      0x200 
                0x20004b58                        . = (. + _Min_Stack_Size)
 *fill*         0x20004758      0x400 
                0x20004b58                        . = ALIGN (0x8)

/DISCARD/
 libc.a(*)
 libm.a(*)
 libgcc.a(*)

.ARM.attributes
                0x00000000       0x30
 *(.ARM.attributes)
 .ARM.attributes
                0x00000000       0x22 C:/ST/STM32CubeIDE_1.17.0/STM32CubeIDE/plugins/com.st.stm32cube.ide.mcu.externaltools.gnu-tools-for-stm32.12.3.rel1.win32_1.1.0.202410251130/tools/bin/../lib/gcc/arm-none-eabi/12.3.1/thumb/v7e-m+fp/hard/crti.o
 .ARM.attributes
                0x00000022       0x34 C:/ST/STM32CubeIDE_1.17.0/STM32CubeIDE/plugins/com.st.stm32cube.ide.mcu.externaltools.gnu-tools-for-stm32.12.3.rel1.win32_1.1.0.202410251130/tools/bin/../lib/gcc/arm-none-eabi/12.3.1/thumb/v7e-m+fp/hard/crtbegin.o
 .ARM.attributes
                0x00000056       0x34 ./Core/Src/app/console.o
 .ARM.attributes
                0x0000008a       0x34 ./Core/Src/drv/usart_drv.o
 .ARM.attributes
                0x000000be       0x34 ./Core/Src/freertos.o
 .ARM.attributes
                0x000000f2       0x34 ./Core/Src/main.o
 .ARM.attributes
                0x00000126       0x34 ./Core/Src/stm32f4xx_hal_msp.o
 .ARM.attributes
                0x0000015a       0x34 ./Core/Src/stm32f4xx_it.o
 .ARM.attributes
                0x0000018e       0x34 ./Core/Src/system_stm32f4xx.o
 .ARM.attributes
                0x000001c2       0x34 ./Core/Src/peri/usart.o
 .ARM.attributes
                0x000001f6       0x21 ./Core/Startup/startup_stm32f446retx.o
 .ARM.attributes
                0x00000217       0x34 ./Drivers/STM32F4xx_HAL_Driver/Src/stm32f4xx_hal.o
 .ARM.attributes
                0x0000024b       0x34 ./Drivers/STM32F4xx_HAL_Driver/Src/stm32f4xx_hal_cortex.o
 .ARM.attributes
                0x0000027f       0x34 ./Drivers/STM32F4xx_HAL_Driver/Src/stm32f4xx_hal_dma.o
 .ARM.attributes
                0x000002b3       0x34 ./Drivers/STM32F4xx_HAL_Driver/Src/stm32f4xx_hal_gpio.o
 .ARM.attributes
                0x000002e7       0x34 ./Drivers/STM32F4xx_HAL_Driver/Src/stm32f4xx_hal_pwr_ex.o
 .ARM.attributes
                0x0000031b       0x34 ./Drivers/STM32F4xx_HAL_Driver/Src/stm32f4xx_hal_rcc.o
 .ARM.attributes
                0x0000034f       0x34 ./Drivers/STM32F4xx_HAL_Driver/Src/stm32f4xx_hal_rcc_ex.o
 .ARM.attributes
                0x00000383       0x34 ./Drivers/STM32F4xx_HAL_Driver/Src/stm32f4xx_hal_spi.o
 .ARM.attributes
                0x000003b7       0x34 ./Drivers/STM32F4xx_HAL_Driver/Src/stm32f4xx_hal_uart.o
 .ARM.attributes
                0x000003eb       0x34 ./Middlewares/Third_Party/FreeRTOS/Source/CMSIS_RTOS/cmsis_os.o
 .ARM.attributes
                0x0000041f       0x34 ./Middlewares/Third_Party/FreeRTOS/Source/list.o
 .ARM.attributes
                0x00000453       0x34 ./Middlewares/Third_Party/FreeRTOS/Source/queue.o
 .ARM.attributes
                0x00000487       0x34 ./Middlewares/Third_Party/FreeRTOS/Source/tasks.o
 .ARM.attributes
                0x000004bb       0x34 ./Middlewares/Third_Party/FreeRTOS/Source/portable/GCC/ARM_CM4F/port.o
 .ARM.attributes
                0x000004ef       0x34 ./Middlewares/Third_Party/FreeRTOS/Source/portable/MemMang/heap_4.o
 .ARM.attributes
                0x00000523       0x34 C:/ST/STM32CubeIDE_1.17.0/STM32CubeIDE/plugins/com.st.stm32cube.ide.mcu.externaltools.gnu-tools-for-stm32.12.3.rel1.win32_1.1.0.202410251130/tools/bin/../lib/gcc/arm-none-eabi/12.3.1/../../../../arm-none-eabi/lib/thumb/v7e-m+fp/hard\libc_nano.a(libc_a-memcmp.o)
 .ARM.attributes
                0x00000557       0x34 C:/ST/STM32CubeIDE_1.17.0/STM32CubeIDE/plugins/com.st.stm32cube.ide.mcu.externaltools.gnu-tools-for-stm32.12.3.rel1.win32_1.1.0.202410251130/tools/bin/../lib/gcc/arm-none-eabi/12.3.1/../../../../arm-none-eabi/lib/thumb/v7e-m+fp/hard\libc_nano.a(libc_a-memset.o)
 .ARM.attributes
                0x0000058b       0x34 C:/ST/STM32CubeIDE_1.17.0/STM32CubeIDE/plugins/com.st.stm32cube.ide.mcu.externaltools.gnu-tools-for-stm32.12.3.rel1.win32_1.1.0.202410251130/tools/bin/../lib/gcc/arm-none-eabi/12.3.1/../../../../arm-none-eabi/lib/thumb/v7e-m+fp/hard\libc_nano.a(libc_a-strchr.o)
 .ARM.attributes
                0x000005bf       0x34 C:/ST/STM32CubeIDE_1.17.0/STM32CubeIDE/plugins/com.st.stm32cube.ide.mcu.externaltools.gnu-tools-for-stm32.12.3.rel1.win32_1.1.0.202410251130/tools/bin/../lib/gcc/arm-none-eabi/12.3.1/../../../../arm-none-eabi/lib/thumb/v7e-m+fp/hard\libc_nano.a(libc_a-init.o)
 .ARM.attributes
                0x000005f3       0x34 C:/ST/STM32CubeIDE_1.17.0/STM32CubeIDE/plugins/com.st.stm32cube.ide.mcu.externaltools.gnu-tools-for-stm32.12.3.rel1.win32_1.1.0.202410251130/tools/bin/../lib/gcc/arm-none-eabi/12.3.1/../../../../arm-none-eabi/lib/thumb/v7e-m+fp/hard\libc_nano.a(libc_a-memcpy-stub.o)
 .ARM.attributes
                0x00000627       0x17 C:/ST/STM32CubeIDE_1.17.0/STM32CubeIDE/plugins/com.st.stm32cube.ide.mcu.externaltools.gnu-tools-for-stm32.12.3.rel1.win32_1.1.0.202410251130/tools/bin/../lib/gcc/arm-none-eabi/12.3.1/../../../../arm-none-eabi/lib/thumb/v7e-m+fp/hard\libc_nano.a(libc_a-strlen.o)
 .ARM.attributes
                0x0000063e       0x22 C:/ST/STM32CubeIDE_1.17.0/STM32CubeIDE/plugins/com.st.stm32cube.ide.mcu.externaltools.gnu-tools-for-stm32.12.3.rel1.win32_1.1.0.202410251130/tools/bin/../lib/gcc/arm-none-eabi/12.3.1/thumb/v7e-m+fp/hard\libgcc.a(_aeabi_uldivmod.o)
 .ARM.attributes
                0x00000660       0x34 C:/ST/STM32CubeIDE_1.17.0/STM32CubeIDE/plugins/com.st.stm32cube.ide.mcu.externaltools.gnu-tools-for-stm32.12.3.rel1.win32_1.1.0.202410251130/tools/bin/../lib/gcc/arm-none-eabi/12.3.1/thumb/v7e-m+fp/hard\libgcc.a(_udivmoddi4.o)
 .ARM.attributes
                0x00000694       0x22 C:/ST/STM32CubeIDE_1.17.0/STM32CubeIDE/plugins/com.st.stm32cube.ide.mcu.externaltools.gnu-tools-for-stm32.12.3.rel1.win32_1.1.0.202410251130/tools/bin/../lib/gcc/arm-none-eabi/12.3.1/thumb/v7e-m+fp/hard\libgcc.a(_dvmd_tls.o)
 .ARM.attributes
                0x000006b6       0x22 C:/ST/STM32CubeIDE_1.17.0/STM32CubeIDE/plugins/com.st.stm32cube.ide.mcu.externaltools.gnu-tools-for-stm32.12.3.rel1.win32_1.1.0.202410251130/tools/bin/../lib/gcc/arm-none-eabi/12.3.1/thumb/v7e-m+fp/hard/crtn.o
OUTPUT(CAN_LCD_SYSTEM.elf elf32-littlearm)
LOAD linker stubs
LOAD C:/ST/STM32CubeIDE_1.17.0/STM32CubeIDE/plugins/com.st.stm32cube.ide.mcu.externaltools.gnu-tools-for-stm32.12.3.rel1.win32_1.1.0.202410251130/tools/bin/../lib/gcc/arm-none-eabi/12.3.1/../../../../arm-none-eabi/lib/thumb/v7e-m+fp/hard\libc.a
LOAD C:/ST/STM32CubeIDE_1.17.0/STM32CubeIDE/plugins/com.st.stm32cube.ide.mcu.externaltools.gnu-tools-for-stm32.12.3.rel1.win32_1.1.0.202410251130/tools/bin/../lib/gcc/arm-none-eabi/12.3.1/../../../../arm-none-eabi/lib/thumb/v7e-m+fp/hard\libm.a
LOAD C:/ST/STM32CubeIDE_1.17.0/STM32CubeIDE/plugins/com.st.stm32cube.ide.mcu.externaltools.gnu-tools-for-stm32.12.3.rel1.win32_1.1.0.202410251130/tools/bin/../lib/gcc/arm-none-eabi/12.3.1/thumb/v7e-m+fp/hard\libgcc.a

.debug_info     0x00000000    0x12d83
 .debug_info    0x00000000      0xc1e ./Core/Src/app/console.o
 .debug_info    0x00000c1e      0x786 ./Core/Src/drv/usart_drv.o
 .debug_info    0x000013a4      0x279 ./Core/Src/freertos.o
 .debug_info    0x0000161d     0x11a3 ./Core/Src/main.o
 .debug_info    0x000027c0      0xe97 ./Core/Src/stm32f4xx_hal_msp.o
 .debug_info    0x00003657      0x673 ./Core/Src/stm32f4xx_it.o
 .debug_info    0x00003cca      0x54a ./Core/Src/system_stm32f4xx.o
 .debug_info    0x00004214      0xa44 ./Core/Src/peri/usart.o
 .debug_info    0x00004c58       0x30 ./Core/Startup/startup_stm32f446retx.o
 .debug_info    0x00004c88      0x99a ./Drivers/STM32F4xx_HAL_Driver/Src/stm32f4xx_hal.o
 .debug_info    0x00005622      0xdaa ./Drivers/STM32F4xx_HAL_Driver/Src/stm32f4xx_hal_cortex.o
 .debug_info    0x000063cc      0x8e7 ./Drivers/STM32F4xx_HAL_Driver/Src/stm32f4xx_hal_dma.o
 .debug_info    0x00006cb3      0x70b ./Drivers/STM32F4xx_HAL_Driver/Src/stm32f4xx_hal_gpio.o
 .debug_info    0x000073be      0x6da ./Drivers/STM32F4xx_HAL_Driver/Src/stm32f4xx_hal_pwr_ex.o
 .debug_info    0x00007a98      0x8eb ./Drivers/STM32F4xx_HAL_Driver/Src/stm32f4xx_hal_rcc.o
 .debug_info    0x00008383      0x956 ./Drivers/STM32F4xx_HAL_Driver/Src/stm32f4xx_hal_rcc_ex.o
 .debug_info    0x00008cd9     0x1525 ./Drivers/STM32F4xx_HAL_Driver/Src/stm32f4xx_hal_spi.o
 .debug_info    0x0000a1fe     0x2f4f ./Drivers/STM32F4xx_HAL_Driver/Src/stm32f4xx_hal_uart.o
 .debug_info    0x0000d14d     0x1b60 ./Middlewares/Third_Party/FreeRTOS/Source/CMSIS_RTOS/cmsis_os.o
 .debug_info    0x0000ecad      0x2af ./Middlewares/Third_Party/FreeRTOS/Source/list.o
 .debug_info    0x0000ef5c     0x17cd ./Middlewares/Third_Party/FreeRTOS/Source/queue.o
 .debug_info    0x00010729     0x1ca7 ./Middlewares/Third_Party/FreeRTOS/Source/tasks.o
 .debug_info    0x000123d0      0x4de ./Middlewares/Third_Party/FreeRTOS/Source/portable/GCC/ARM_CM4F/port.o
 .debug_info    0x000128ae      0x4d5 ./Middlewares/Third_Party/FreeRTOS/Source/portable/MemMang/heap_4.o

.debug_abbrev   0x00000000     0x369a
 .debug_abbrev  0x00000000      0x365 ./Core/Src/app/console.o
 .debug_abbrev  0x00000365      0x27c ./Core/Src/drv/usart_drv.o
 .debug_abbrev  0x000005e1       0xd2 ./Core/Src/freertos.o
 .debug_abbrev  0x000006b3      0x2e2 ./Core/Src/main.o
 .debug_abbrev  0x00000995      0x1cd ./Core/Src/stm32f4xx_hal_msp.o
 .debug_abbrev  0x00000b62      0x19b ./Core/Src/stm32f4xx_it.o
 .debug_abbrev  0x00000cfd      0x11a ./Core/Src/system_stm32f4xx.o
 .debug_abbrev  0x00000e17      0x2ab ./Core/Src/peri/usart.o
 .debug_abbrev  0x000010c2       0x24 ./Core/Startup/startup_stm32f446retx.o
 .debug_abbrev  0x000010e6      0x214 ./Drivers/STM32F4xx_HAL_Driver/Src/stm32f4xx_hal.o
 .debug_abbrev  0x000012fa      0x31d ./Drivers/STM32F4xx_HAL_Driver/Src/stm32f4xx_hal_cortex.o
 .debug_abbrev  0x00001617      0x264 ./Drivers/STM32F4xx_HAL_Driver/Src/stm32f4xx_hal_dma.o
 .debug_abbrev  0x0000187b      0x1d4 ./Drivers/STM32F4xx_HAL_Driver/Src/stm32f4xx_hal_gpio.o
 .debug_abbrev  0x00001a4f      0x1cf ./Drivers/STM32F4xx_HAL_Driver/Src/stm32f4xx_hal_pwr_ex.o
 .debug_abbrev  0x00001c1e      0x2b7 ./Drivers/STM32F4xx_HAL_Driver/Src/stm32f4xx_hal_rcc.o
 .debug_abbrev  0x00001ed5      0x20a ./Drivers/STM32F4xx_HAL_Driver/Src/stm32f4xx_hal_rcc_ex.o
 .debug_abbrev  0x000020df      0x27a ./Drivers/STM32F4xx_HAL_Driver/Src/stm32f4xx_hal_spi.o
 .debug_abbrev  0x00002359      0x30e ./Drivers/STM32F4xx_HAL_Driver/Src/stm32f4xx_hal_uart.o
 .debug_abbrev  0x00002667      0x3b7 ./Middlewares/Third_Party/FreeRTOS/Source/CMSIS_RTOS/cmsis_os.o
 .debug_abbrev  0x00002a1e       0xf5 ./Middlewares/Third_Party/FreeRTOS/Source/list.o
 .debug_abbrev  0x00002b13      0x3b5 ./Middlewares/Third_Party/FreeRTOS/Source/queue.o
 .debug_abbrev  0x00002ec8      0x359 ./Middlewares/Third_Party/FreeRTOS/Source/tasks.o
 .debug_abbrev  0x00003221      0x25c ./Middlewares/Third_Party/FreeRTOS/Source/portable/GCC/ARM_CM4F/port.o
 .debug_abbrev  0x0000347d      0x21d ./Middlewares/Third_Party/FreeRTOS/Source/portable/MemMang/heap_4.o

.debug_aranges  0x00000000     0x1070
 .debug_aranges
                0x00000000       0x70 ./Core/Src/app/console.o
 .debug_aranges
                0x00000070       0x50 ./Core/Src/drv/usart_drv.o
 .debug_aranges
                0x000000c0       0x20 ./Core/Src/freertos.o
 .debug_aranges
                0x000000e0       0x60 ./Core/Src/main.o
 .debug_aranges
                0x00000140       0x40 ./Core/Src/stm32f4xx_hal_msp.o
 .debug_aranges
                0x00000180       0x58 ./Core/Src/stm32f4xx_it.o
 .debug_aranges
                0x000001d8       0x28 ./Core/Src/system_stm32f4xx.o
 .debug_aranges
                0x00000200       0x58 ./Core/Src/peri/usart.o
 .debug_aranges
                0x00000258       0x28 ./Core/Startup/startup_stm32f446retx.o
 .debug_aranges
                0x00000280       0xf0 ./Drivers/STM32F4xx_HAL_Driver/Src/stm32f4xx_hal.o
 .debug_aranges
                0x00000370      0x130 ./Drivers/STM32F4xx_HAL_Driver/Src/stm32f4xx_hal_cortex.o
 .debug_aranges
                0x000004a0       0x90 ./Drivers/STM32F4xx_HAL_Driver/Src/stm32f4xx_hal_dma.o
 .debug_aranges
                0x00000530       0x58 ./Drivers/STM32F4xx_HAL_Driver/Src/stm32f4xx_hal_gpio.o
 .debug_aranges
                0x00000588       0x60 ./Drivers/STM32F4xx_HAL_Driver/Src/stm32f4xx_hal_pwr_ex.o
 .debug_aranges
                0x000005e8       0x88 ./Drivers/STM32F4xx_HAL_Driver/Src/stm32f4xx_hal_rcc.o
 .debug_aranges
                0x00000670       0x78 ./Drivers/STM32F4xx_HAL_Driver/Src/stm32f4xx_hal_rcc_ex.o
 .debug_aranges
                0x000006e8      0x1d0 ./Drivers/STM32F4xx_HAL_Driver/Src/stm32f4xx_hal_spi.o
 .debug_aranges
                0x000008b8      0x208 ./Drivers/STM32F4xx_HAL_Driver/Src/stm32f4xx_hal_uart.o
 .debug_aranges
                0x00000ac0      0x1d8 ./Middlewares/Third_Party/FreeRTOS/Source/CMSIS_RTOS/cmsis_os.o
 .debug_aranges
                0x00000c98       0x40 ./Middlewares/Third_Party/FreeRTOS/Source/list.o
 .debug_aranges
                0x00000cd8      0x108 ./Middlewares/Third_Party/FreeRTOS/Source/queue.o
 .debug_aranges
                0x00000de0      0x1b8 ./Middlewares/Third_Party/FreeRTOS/Source/tasks.o
 .debug_aranges
                0x00000f98       0x80 ./Middlewares/Third_Party/FreeRTOS/Source/portable/GCC/ARM_CM4F/port.o
 .debug_aranges
                0x00001018       0x58 ./Middlewares/Third_Party/FreeRTOS/Source/portable/MemMang/heap_4.o

.debug_rnglists
                0x00000000      0xc99
 .debug_rnglists
                0x00000000       0x54 ./Core/Src/app/console.o
 .debug_rnglists
                0x00000054       0x3a ./Core/Src/drv/usart_drv.o
 .debug_rnglists
                0x0000008e       0x13 ./Core/Src/freertos.o
 .debug_rnglists
                0x000000a1       0x45 ./Core/Src/main.o
 .debug_rnglists
                0x000000e6       0x2d ./Core/Src/stm32f4xx_hal_msp.o
 .debug_rnglists
                0x00000113       0x3d ./Core/Src/stm32f4xx_it.o
 .debug_rnglists
                0x00000150       0x1a ./Core/Src/system_stm32f4xx.o
 .debug_rnglists
                0x0000016a       0x42 ./Core/Src/peri/usart.o
 .debug_rnglists
                0x000001ac       0x19 ./Core/Startup/startup_stm32f446retx.o
 .debug_rnglists
                0x000001c5       0xaf ./Drivers/STM32F4xx_HAL_Driver/Src/stm32f4xx_hal.o
 .debug_rnglists
                0x00000274       0xe0 ./Drivers/STM32F4xx_HAL_Driver/Src/stm32f4xx_hal_cortex.o
 .debug_rnglists
                0x00000354       0x70 ./Drivers/STM32F4xx_HAL_Driver/Src/stm32f4xx_hal_dma.o
 .debug_rnglists
                0x000003c4       0x3f ./Drivers/STM32F4xx_HAL_Driver/Src/stm32f4xx_hal_gpio.o
 .debug_rnglists
                0x00000403       0x47 ./Drivers/STM32F4xx_HAL_Driver/Src/stm32f4xx_hal_pwr_ex.o
 .debug_rnglists
                0x0000044a       0x66 ./Drivers/STM32F4xx_HAL_Driver/Src/stm32f4xx_hal_rcc.o
 .debug_rnglists
                0x000004b0       0x5e ./Drivers/STM32F4xx_HAL_Driver/Src/stm32f4xx_hal_rcc_ex.o
 .debug_rnglists
                0x0000050e      0x16f ./Drivers/STM32F4xx_HAL_Driver/Src/stm32f4xx_hal_spi.o
 .debug_rnglists
                0x0000067d      0x1bc ./Drivers/STM32F4xx_HAL_Driver/Src/stm32f4xx_hal_uart.o
 .debug_rnglists
                0x00000839      0x16a ./Middlewares/Third_Party/FreeRTOS/Source/CMSIS_RTOS/cmsis_os.o
 .debug_rnglists
                0x000009a3       0x2b ./Middlewares/Third_Party/FreeRTOS/Source/list.o
 .debug_rnglists
                0x000009ce       0xcd ./Middlewares/Third_Party/FreeRTOS/Source/queue.o
 .debug_rnglists
                0x00000a9b      0x15f ./Middlewares/Third_Party/FreeRTOS/Source/tasks.o
 .debug_rnglists
                0x00000bfa       0x5d ./Middlewares/Third_Party/FreeRTOS/Source/portable/GCC/ARM_CM4F/port.o
 .debug_rnglists
                0x00000c57       0x42 ./Middlewares/Third_Party/FreeRTOS/Source/portable/MemMang/heap_4.o

.debug_macro    0x00000000     0x56c0
 .debug_macro   0x00000000      0x236 ./Core/Src/app/console.o
 .debug_macro   0x00000236      0xab4 ./Core/Src/app/console.o
 .debug_macro   0x00000cea       0x58 ./Core/Src/app/console.o
 .debug_macro   0x00000d42       0x22 ./Core/Src/app/console.o
 .debug_macro   0x00000d64       0x5b ./Core/Src/app/console.o
 .debug_macro   0x00000dbf       0x2a ./Core/Src/app/console.o
 .debug_macro   0x00000de9       0x94 ./Core/Src/app/console.o
 .debug_macro   0x00000e7d       0x43 ./Core/Src/app/console.o
 .debug_macro   0x00000ec0       0x34 ./Core/Src/app/console.o
 .debug_macro   0x00000ef4      0x189 ./Core/Src/app/console.o
 .debug_macro   0x0000107d       0x16 ./Core/Src/app/console.o
 .debug_macro   0x00001093       0x43 ./Core/Src/app/console.o
 .debug_macro   0x000010d6       0x57 ./Core/Src/app/console.o
 .debug_macro   0x0000112d       0x34 ./Core/Src/app/console.o
 .debug_macro   0x00001161       0x10 ./Core/Src/app/console.o
 .debug_macro   0x00001171       0x58 ./Core/Src/app/console.o
 .debug_macro   0x000011c9       0x8e ./Core/Src/app/console.o
 .debug_macro   0x00001257       0x1c ./Core/Src/app/console.o
 .debug_macro   0x00001273      0x177 ./Core/Src/app/console.o
 .debug_macro   0x000013ea      0x369 ./Core/Src/app/console.o
 .debug_macro   0x00001753       0x10 ./Core/Src/app/console.o
 .debug_macro   0x00001763       0x35 ./Core/Src/app/console.o
 .debug_macro   0x00001798       0x20 ./Core/Src/app/console.o
 .debug_macro   0x000017b8      0x103 ./Core/Src/app/console.o
 .debug_macro   0x000018bb       0x6a ./Core/Src/app/console.o
 .debug_macro   0x00001925      0x1df ./Core/Src/app/console.o
 .debug_macro   0x00001b04       0xe4 ./Core/Src/app/console.o
 .debug_macro   0x00001be8      0x15a ./Core/Src/app/console.o
 .debug_macro   0x00001d42       0xde ./Core/Src/app/console.o
 .debug_macro   0x00001e20       0x1c ./Core/Src/app/console.o
 .debug_macro   0x00001e3c       0x26 ./Core/Src/app/console.o
 .debug_macro   0x00001e62      0x504 ./Core/Src/app/console.o
 .debug_macro   0x00002366       0xb5 ./Core/Src/app/console.o
 .debug_macro   0x0000241b       0xaa ./Core/Src/app/console.o
 .debug_macro   0x000024c5       0x91 ./Core/Src/app/console.o
 .debug_macro   0x00002556       0x8d ./Core/Src/app/console.o
 .debug_macro   0x000025e3       0x7e ./Core/Src/app/console.o
 .debug_macro   0x00002661       0x19 ./Core/Src/app/console.o
 .debug_macro   0x0000267a       0xf2 ./Core/Src/app/console.o
 .debug_macro   0x0000276c      0x221 ./Core/Src/drv/usart_drv.o
 .debug_macro   0x0000298d      0x236 ./Core/Src/freertos.o
 .debug_macro   0x00002bc3      0x295 ./Core/Src/main.o
 .debug_macro   0x00002e58       0xe4 ./Core/Src/main.o
 .debug_macro   0x00002f3c      0x1ce ./Core/Src/stm32f4xx_hal_msp.o
 .debug_macro   0x0000310a      0x240 ./Core/Src/stm32f4xx_it.o
 .debug_macro   0x0000334a      0x1c4 ./Core/Src/system_stm32f4xx.o
 .debug_macro   0x0000350e      0x398 ./Core/Src/peri/usart.o
 .debug_macro   0x000038a6       0x56 ./Core/Src/peri/usart.o
 .debug_macro   0x000038fc       0x3a ./Core/Src/peri/usart.o
 .debug_macro   0x00003936      0x224 ./Drivers/STM32F4xx_HAL_Driver/Src/stm32f4xx_hal.o
 .debug_macro   0x00003b5a      0x1c4 ./Drivers/STM32F4xx_HAL_Driver/Src/stm32f4xx_hal_cortex.o
 .debug_macro   0x00003d1e      0x1ca ./Drivers/STM32F4xx_HAL_Driver/Src/stm32f4xx_hal_dma.o
 .debug_macro   0x00003ee8      0x1ca ./Drivers/STM32F4xx_HAL_Driver/Src/stm32f4xx_hal_gpio.o
 .debug_macro   0x000040b2      0x1dc ./Drivers/STM32F4xx_HAL_Driver/Src/stm32f4xx_hal_pwr_ex.o
 .debug_macro   0x0000428e      0x1e8 ./Drivers/STM32F4xx_HAL_Driver/Src/stm32f4xx_hal_rcc.o
 .debug_macro   0x00004476      0x1c4 ./Drivers/STM32F4xx_HAL_Driver/Src/stm32f4xx_hal_rcc_ex.o
 .debug_macro   0x0000463a      0x1d3 ./Drivers/STM32F4xx_HAL_Driver/Src/stm32f4xx_hal_spi.o
 .debug_macro   0x0000480d      0x1c5 ./Drivers/STM32F4xx_HAL_Driver/Src/stm32f4xx_hal_uart.o
 .debug_macro   0x000049d2      0x1fe ./Middlewares/Third_Party/FreeRTOS/Source/CMSIS_RTOS/cmsis_os.o
 .debug_macro   0x00004bd0       0xe9 ./Middlewares/Third_Party/FreeRTOS/Source/CMSIS_RTOS/cmsis_os.o
 .debug_macro   0x00004cb9      0x187 ./Middlewares/Third_Party/FreeRTOS/Source/list.o
 .debug_macro   0x00004e40      0x216 ./Middlewares/Third_Party/FreeRTOS/Source/queue.o
 .debug_macro   0x00005056       0x16 ./Middlewares/Third_Party/FreeRTOS/Source/queue.o
 .debug_macro   0x0000506c       0x87 ./Middlewares/Third_Party/FreeRTOS/Source/queue.o
 .debug_macro   0x000050f3      0x279 ./Middlewares/Third_Party/FreeRTOS/Source/tasks.o
 .debug_macro   0x0000536c       0x10 ./Middlewares/Third_Party/FreeRTOS/Source/tasks.o
 .debug_macro   0x0000537c      0x196 ./Middlewares/Third_Party/FreeRTOS/Source/portable/GCC/ARM_CM4F/port.o
 .debug_macro   0x00005512      0x1ae ./Middlewares/Third_Party/FreeRTOS/Source/portable/MemMang/heap_4.o

.debug_line     0x00000000    0x14a9e
 .debug_line    0x00000000      0xb01 ./Core/Src/app/console.o
 .debug_line    0x00000b01      0x8f8 ./Core/Src/drv/usart_drv.o
 .debug_line    0x000013f9      0x82b ./Core/Src/freertos.o
 .debug_line    0x00001c24      0xa89 ./Core/Src/main.o
 .debug_line    0x000026ad      0x7cd ./Core/Src/stm32f4xx_hal_msp.o
 .debug_line    0x00002e7a      0x8ed ./Core/Src/stm32f4xx_it.o
 .debug_line    0x00003767      0x7b1 ./Core/Src/system_stm32f4xx.o
 .debug_line    0x00003f18      0xd16 ./Core/Src/peri/usart.o
 .debug_line    0x00004c2e       0x7a ./Core/Startup/startup_stm32f446retx.o
 .debug_line    0x00004ca8      0xa1a ./Drivers/STM32F4xx_HAL_Driver/Src/stm32f4xx_hal.o
 .debug_line    0x000056c2      0xd0c ./Drivers/STM32F4xx_HAL_Driver/Src/stm32f4xx_hal_cortex.o
 .debug_line    0x000063ce      0xf8a ./Drivers/STM32F4xx_HAL_Driver/Src/stm32f4xx_hal_dma.o
 .debug_line    0x00007358      0xb92 ./Drivers/STM32F4xx_HAL_Driver/Src/stm32f4xx_hal_gpio.o
 .debug_line    0x00007eea      0x943 ./Drivers/STM32F4xx_HAL_Driver/Src/stm32f4xx_hal_pwr_ex.o
 .debug_line    0x0000882d      0xdaf ./Drivers/STM32F4xx_HAL_Driver/Src/stm32f4xx_hal_rcc.o
 .debug_line    0x000095dc     0x141e ./Drivers/STM32F4xx_HAL_Driver/Src/stm32f4xx_hal_rcc_ex.o
 .debug_line    0x0000a9fa     0x1d38 ./Drivers/STM32F4xx_HAL_Driver/Src/stm32f4xx_hal_spi.o
 .debug_line    0x0000c732     0x28ec ./Drivers/STM32F4xx_HAL_Driver/Src/stm32f4xx_hal_uart.o
 .debug_line    0x0000f01e     0x125c ./Middlewares/Third_Party/FreeRTOS/Source/CMSIS_RTOS/cmsis_os.o
 .debug_line    0x0001027a      0x78c ./Middlewares/Third_Party/FreeRTOS/Source/list.o
 .debug_line    0x00010a06     0x150d ./Middlewares/Third_Party/FreeRTOS/Source/queue.o
 .debug_line    0x00011f13     0x19a3 ./Middlewares/Third_Party/FreeRTOS/Source/tasks.o
 .debug_line    0x000138b6      0x831 ./Middlewares/Third_Party/FreeRTOS/Source/portable/GCC/ARM_CM4F/port.o
 .debug_line    0x000140e7      0x9b7 ./Middlewares/Third_Party/FreeRTOS/Source/portable/MemMang/heap_4.o

.debug_str      0x00000000    0xd390f
 .debug_str     0x00000000     0xd739 ./Core/Src/app/console.o
                               0xda09 (size before relaxing)
 .debug_str     0x0000d739      0x2ed ./Core/Src/drv/usart_drv.o
                               0xd65f (size before relaxing)
 .debug_str     0x0000da26    0xbf8eb ./Core/Src/freertos.o
                              0xc78a0 (size before relaxing)
 .debug_str     0x000cd311      0x983 ./Core/Src/main.o
                              0xca62f (size before relaxing)
 .debug_str     0x000cdc94      0x64b ./Core/Src/stm32f4xx_hal_msp.o
                              0xc4718 (size before relaxing)
 .debug_str     0x000ce2df       0xfc ./Core/Src/stm32f4xx_it.o
                              0xc7c8c (size before relaxing)
 .debug_str     0x000ce3db       0xdb ./Core/Src/system_stm32f4xx.o
                              0xc3b83 (size before relaxing)
 .debug_str     0x000ce4b6      0x6e6 ./Core/Src/peri/usart.o
                              0xcd957 (size before relaxing)
 .debug_str     0x000ceb9c       0x44 ./Core/Startup/startup_stm32f446retx.o
                                 0x85 (size before relaxing)
 .debug_str     0x000cebe0      0x60d ./Drivers/STM32F4xx_HAL_Driver/Src/stm32f4xx_hal.o
                              0xc4748 (size before relaxing)
 .debug_str     0x000cf1ed      0x358 ./Drivers/STM32F4xx_HAL_Driver/Src/stm32f4xx_hal_cortex.o
                              0xc449f (size before relaxing)
 .debug_str     0x000cf545      0x31a ./Drivers/STM32F4xx_HAL_Driver/Src/stm32f4xx_hal_dma.o
                              0xc3f78 (size before relaxing)
 .debug_str     0x000cf85f      0x15d ./Drivers/STM32F4xx_HAL_Driver/Src/stm32f4xx_hal_gpio.o
                              0xc3cfe (size before relaxing)
 .debug_str     0x000cf9bc      0x135 ./Drivers/STM32F4xx_HAL_Driver/Src/stm32f4xx_hal_pwr_ex.o
                              0xc3d5b (size before relaxing)
 .debug_str     0x000cfaf1      0x233 ./Drivers/STM32F4xx_HAL_Driver/Src/stm32f4xx_hal_rcc.o
                              0xc3fbc (size before relaxing)
 .debug_str     0x000cfd24      0x31c ./Drivers/STM32F4xx_HAL_Driver/Src/stm32f4xx_hal_rcc_ex.o
                              0xc3fef (size before relaxing)
 .debug_str     0x000d0040      0x554 ./Drivers/STM32F4xx_HAL_Driver/Src/stm32f4xx_hal_spi.o
                              0xc441c (size before relaxing)
 .debug_str     0x000d0594      0x609 ./Drivers/STM32F4xx_HAL_Driver/Src/stm32f4xx_hal_uart.o
                              0xc4573 (size before relaxing)
 .debug_str     0x000d0b9d      0x98c ./Middlewares/Third_Party/FreeRTOS/Source/CMSIS_RTOS/cmsis_os.o
                               0xea0e (size before relaxing)
 .debug_str     0x000d1529      0x20f ./Middlewares/Third_Party/FreeRTOS/Source/list.o
                               0xaae0 (size before relaxing)
 .debug_str     0x000d1738      0x7e4 ./Middlewares/Third_Party/FreeRTOS/Source/queue.o
                               0xc473 (size before relaxing)
 .debug_str     0x000d1f1c      0xf43 ./Middlewares/Third_Party/FreeRTOS/Source/tasks.o
                               0xce4b (size before relaxing)
 .debug_str     0x000d2e5f      0x783 ./Middlewares/Third_Party/FreeRTOS/Source/portable/GCC/ARM_CM4F/port.o
                               0x8729 (size before relaxing)
 .debug_str     0x000d35e2      0x32d ./Middlewares/Third_Party/FreeRTOS/Source/portable/MemMang/heap_4.o
                               0xb422 (size before relaxing)

.comment        0x00000000       0x43
 .comment       0x00000000       0x43 ./Core/Src/app/console.o
                                 0x44 (size before relaxing)
 .comment       0x00000043       0x44 ./Core/Src/drv/usart_drv.o
 .comment       0x00000043       0x44 ./Core/Src/freertos.o
 .comment       0x00000043       0x44 ./Core/Src/main.o
 .comment       0x00000043       0x44 ./Core/Src/stm32f4xx_hal_msp.o
 .comment       0x00000043       0x44 ./Core/Src/stm32f4xx_it.o
 .comment       0x00000043       0x44 ./Core/Src/system_stm32f4xx.o
 .comment       0x00000043       0x44 ./Core/Src/peri/usart.o
 .comment       0x00000043       0x44 ./Drivers/STM32F4xx_HAL_Driver/Src/stm32f4xx_hal.o
 .comment       0x00000043       0x44 ./Drivers/STM32F4xx_HAL_Driver/Src/stm32f4xx_hal_cortex.o
 .comment       0x00000043       0x44 ./Drivers/STM32F4xx_HAL_Driver/Src/stm32f4xx_hal_dma.o
 .comment       0x00000043       0x44 ./Drivers/STM32F4xx_HAL_Driver/Src/stm32f4xx_hal_gpio.o
 .comment       0x00000043       0x44 ./Drivers/STM32F4xx_HAL_Driver/Src/stm32f4xx_hal_pwr_ex.o
 .comment       0x00000043       0x44 ./Drivers/STM32F4xx_HAL_Driver/Src/stm32f4xx_hal_rcc.o
 .comment       0x00000043       0x44 ./Drivers/STM32F4xx_HAL_Driver/Src/stm32f4xx_hal_rcc_ex.o
 .comment       0x00000043       0x44 ./Drivers/STM32F4xx_HAL_Driver/Src/stm32f4xx_hal_spi.o
 .comment       0x00000043       0x44 ./Drivers/STM32F4xx_HAL_Driver/Src/stm32f4xx_hal_uart.o
 .comment       0x00000043       0x44 ./Middlewares/Third_Party/FreeRTOS/Source/CMSIS_RTOS/cmsis_os.o
 .comment       0x00000043       0x44 ./Middlewares/Third_Party/FreeRTOS/Source/list.o
 .comment       0x00000043       0x44 ./Middlewares/Third_Party/FreeRTOS/Source/queue.o
 .comment       0x00000043       0x44 ./Middlewares/Third_Party/FreeRTOS/Source/tasks.o
 .comment       0x00000043       0x44 ./Middlewares/Third_Party/FreeRTOS/Source/portable/GCC/ARM_CM4F/port.o
 .comment       0x00000043       0x44 ./Middlewares/Third_Party/FreeRTOS/Source/portable/MemMang/heap_4.o

.debug_frame    0x00000000     0x42e4
 .debug_frame   0x00000000      0x1c4 ./Core/Src/app/console.o
 .debug_frame   0x000001c4      0x110 ./Core/Src/drv/usart_drv.o
 .debug_frame   0x000002d4       0x38 ./Core/Src/freertos.o
 .debug_frame   0x0000030c      0x130 ./Core/Src/main.o
 .debug_frame   0x0000043c       0xc4 ./Core/Src/stm32f4xx_hal_msp.o
 .debug_frame   0x00000500       0xe0 ./Core/Src/stm32f4xx_it.o
 .debug_frame   0x000005e0       0x58 ./Core/Src/system_stm32f4xx.o
 .debug_frame   0x00000638      0x134 ./Core/Src/peri/usart.o
 .debug_frame   0x0000076c      0x374 ./Drivers/STM32F4xx_HAL_Driver/Src/stm32f4xx_hal.o
 .debug_frame   0x00000ae0      0x508 ./Drivers/STM32F4xx_HAL_Driver/Src/stm32f4xx_hal_cortex.o
 .debug_frame   0x00000fe8      0x250 ./Drivers/STM32F4xx_HAL_Driver/Src/stm32f4xx_hal_dma.o
 .debug_frame   0x00001238      0x14c ./Drivers/STM32F4xx_HAL_Driver/Src/stm32f4xx_hal_gpio.o
 .debug_frame   0x00001384      0x14c ./Drivers/STM32F4xx_HAL_Driver/Src/stm32f4xx_hal_pwr_ex.o
 .debug_frame   0x000014d0      0x1f4 ./Drivers/STM32F4xx_HAL_Driver/Src/stm32f4xx_hal_rcc.o
 .debug_frame   0x000016c4      0x1e8 ./Drivers/STM32F4xx_HAL_Driver/Src/stm32f4xx_hal_rcc_ex.o
 .debug_frame   0x000018ac      0x828 ./Drivers/STM32F4xx_HAL_Driver/Src/stm32f4xx_hal_spi.o
 .debug_frame   0x000020d4      0x954 ./Drivers/STM32F4xx_HAL_Driver/Src/stm32f4xx_hal_uart.o
 .debug_frame   0x00002a28      0x80c ./Middlewares/Third_Party/FreeRTOS/Source/CMSIS_RTOS/cmsis_os.o
 .debug_frame   0x00003234       0xd8 ./Middlewares/Third_Party/FreeRTOS/Source/list.o
 .debug_frame   0x0000330c      0x46c ./Middlewares/Third_Party/FreeRTOS/Source/queue.o
 .debug_frame   0x00003778      0x77c ./Middlewares/Third_Party/FreeRTOS/Source/tasks.o
 .debug_frame   0x00003ef4      0x1a8 ./Middlewares/Third_Party/FreeRTOS/Source/portable/GCC/ARM_CM4F/port.o
 .debug_frame   0x0000409c      0x12c ./Middlewares/Third_Party/FreeRTOS/Source/portable/MemMang/heap_4.o
 .debug_frame   0x000041c8       0x28 C:/ST/STM32CubeIDE_1.17.0/STM32CubeIDE/plugins/com.st.stm32cube.ide.mcu.externaltools.gnu-tools-for-stm32.12.3.rel1.win32_1.1.0.202410251130/tools/bin/../lib/gcc/arm-none-eabi/12.3.1/../../../../arm-none-eabi/lib/thumb/v7e-m+fp/hard\libc_nano.a(libc_a-memcmp.o)
 .debug_frame   0x000041f0       0x20 C:/ST/STM32CubeIDE_1.17.0/STM32CubeIDE/plugins/com.st.stm32cube.ide.mcu.externaltools.gnu-tools-for-stm32.12.3.rel1.win32_1.1.0.202410251130/tools/bin/../lib/gcc/arm-none-eabi/12.3.1/../../../../arm-none-eabi/lib/thumb/v7e-m+fp/hard\libc_nano.a(libc_a-memset.o)
 .debug_frame   0x00004210       0x20 C:/ST/STM32CubeIDE_1.17.0/STM32CubeIDE/plugins/com.st.stm32cube.ide.mcu.externaltools.gnu-tools-for-stm32.12.3.rel1.win32_1.1.0.202410251130/tools/bin/../lib/gcc/arm-none-eabi/12.3.1/../../../../arm-none-eabi/lib/thumb/v7e-m+fp/hard\libc_nano.a(libc_a-strchr.o)
 .debug_frame   0x00004230       0x2c C:/ST/STM32CubeIDE_1.17.0/STM32CubeIDE/plugins/com.st.stm32cube.ide.mcu.externaltools.gnu-tools-for-stm32.12.3.rel1.win32_1.1.0.202410251130/tools/bin/../lib/gcc/arm-none-eabi/12.3.1/../../../../arm-none-eabi/lib/thumb/v7e-m+fp/hard\libc_nano.a(libc_a-init.o)
 .debug_frame   0x0000425c       0x28 C:/ST/STM32CubeIDE_1.17.0/STM32CubeIDE/plugins/com.st.stm32cube.ide.mcu.externaltools.gnu-tools-for-stm32.12.3.rel1.win32_1.1.0.202410251130/tools/bin/../lib/gcc/arm-none-eabi/12.3.1/../../../../arm-none-eabi/lib/thumb/v7e-m+fp/hard\libc_nano.a(libc_a-memcpy-stub.o)
 .debug_frame   0x00004284       0x2c C:/ST/STM32CubeIDE_1.17.0/STM32CubeIDE/plugins/com.st.stm32cube.ide.mcu.externaltools.gnu-tools-for-stm32.12.3.rel1.win32_1.1.0.202410251130/tools/bin/../lib/gcc/arm-none-eabi/12.3.1/thumb/v7e-m+fp/hard\libgcc.a(_aeabi_uldivmod.o)
 .debug_frame   0x000042b0       0x34 C:/ST/STM32CubeIDE_1.17.0/STM32CubeIDE/plugins/com.st.stm32cube.ide.mcu.externaltools.gnu-tools-for-stm32.12.3.rel1.win32_1.1.0.202410251130/tools/bin/../lib/gcc/arm-none-eabi/12.3.1/thumb/v7e-m+fp/hard\libgcc.a(_udivmoddi4.o)

.debug_line_str
                0x00000000       0x69
 .debug_line_str
                0x00000000       0x69 ./Core/Startup/startup_stm32f446retx.o
