23:20:47 **** Incremental Build of configuration Debug for project CAN_LCD_SYSTEM ****
make -j4 all 
arm-none-eabi-gcc "../Core/Src/app/console.c" -mcpu=cortex-m4 -std=gnu11 -g3 -DDEBUG -DUSE_HAL_DRIVER -DSTM32F446xx -c -I../Core/Inc -I../Core/Src/app -I../Core/Src/dev -I../Core/Src/drv -I../Core/Src/peri -I../Drivers/STM32F4xx_HAL_Driver/Inc -I../Drivers/STM32F4xx_HAL_Driver/Inc/Legacy -I../Drivers/CMSIS/Device/ST/STM32F4xx/Include -I../Drivers/CMSIS/Include -I../Middlewares/Third_Party/FreeRTOS/Source/include -I../Middlewares/Third_Party/FreeRTOS/Source/portable/GCC/ARM_CM4F -I../Middlewares/Third_Party/FreeRTOS/Source/CMSIS_RTOS -O0 -ffunction-sections -fdata-sections -Wall -fstack-usage -fcyclomatic-complexity -MMD -MP -MF"Core/Src/app/console.d" -MT"Core/Src/app/console.o" --specs=nano.specs -mfpu=fpv4-sp-d16 -mfloat-abi=hard -mthumb -o "Core/Src/app/console.o"
../Core/Src/app/console.c: In function 'StartConsoleSend':
../Core/Src/app/console.c:300:39: warning: pointer targets in passing argument 1 of 'strlen' differ in signedness [-Wpointer-sign]
  300 |                         size = strlen(print_buf);
      |                                       ^~~~~~~~~
      |                                       |
      |                                       int8_t * {aka signed char *}
In file included from ../Core/Src/app/console.c:8:
C:\ST\STM32CubeIDE_1.17.0\STM32CubeIDE\plugins\com.st.stm32cube.ide.mcu.externaltools.gnu-tools-for-stm32.12.3.rel1.win32_1.1.0.202410251130\tools\bin/../lib/gcc/arm-none-eabi/12.3.1/../../../../arm-none-eabi/include/string.h:41:18: note: expected 'const char *' but argument is of type 'int8_t *' {aka 'signed char *'}
   41 | size_t   strlen (const char *);
      |                  ^~~~~~~~~~~~
arm-none-eabi-gcc -o "CAN_LCD_SYSTEM.elf" @"objects.list"   -mcpu=cortex-m4 -T"C:\Users\User\STM32CubeIDE\workspace_1.17.0\CAN_LCD_SYSTEM\STM32F446RETX_FLASH.ld" --specs=nosys.specs -Wl,-Map="CAN_LCD_SYSTEM.map" -Wl,--gc-sections -static --specs=nano.specs -mfpu=fpv4-sp-d16 -mfloat-abi=hard -mthumb -Wl,--start-group -lc -lm -Wl,--end-group
Finished building target: CAN_LCD_SYSTEM.elf
 
arm-none-eabi-size  CAN_LCD_SYSTEM.elf 
arm-none-eabi-objdump -h -S CAN_LCD_SYSTEM.elf  > "CAN_LCD_SYSTEM.list"
   text	   data	    bss	    dec	    hex	filename
  25240	     16	  19272	  44528	   adf0	CAN_LCD_SYSTEM.elf
Finished building: default.size.stdout
 
Finished building: CAN_LCD_SYSTEM.list
 
23:20:56 **** Incremental Build of configuration Debug for project CAN_LCD_SYSTEM ****
make -j4 all 
arm-none-eabi-size  CAN_LCD_SYSTEM.elf 
   text	   data	    bss	    dec	    hex	filename
  25240	     16	  19272	  44528	   adf0	CAN_LCD_SYSTEM.elf
Finished building: default.size.stdout
 
